[10:34:16] discovered 171 c1/c2 registered_videos sequences
[10:34:20] [1/171] c1_ascending_t1_v1: 755902 faces, unobs_frac_area=0.1217, 153 components (4.0s this seq, 4s elapsed)
[10:34:42] [6/171] c1_ascending_t3_v1: 755902 faces, unobs_frac_area=0.1833, 145 components (3.5s this seq, 25s elapsed)
[10:34:59] [11/171] c1_ascending_t4_v3: 755902 faces, unobs_frac_area=0.3183, 105 components (4.0s this seq, 43s elapsed)
[10:35:14] [16/171] c1_cecum_t2_v2: 699908 faces, unobs_frac_area=0.0886, 148 components (2.7s this seq, 58s elapsed)
[10:35:31] [21/171] c1_cecum_t4_v2: 699908 faces, unobs_frac_area=0.0806, 114 components (3.7s this seq, 74s elapsed)
[10:35:38] [26/171] c1_descending_t2_v2: 217311 faces, unobs_frac_area=0.2437, 82 components (0.9s this seq, 82s elapsed)
[10:35:42] [31/171] c1_descending_t4_v1: 217311 faces, unobs_frac_area=0.2555, 102 components (0.8s this seq, 86s elapsed)
[10:35:55] [36/171] c1_rectum_t1_v3: 709291 faces, unobs_frac_area=0.1436, 137 components (2.9s this seq, 99s elapsed)
[10:36:10] [41/171] c1_rectum_t3_v2: 709291 faces, unobs_frac_area=0.1627, 123 components (3.2s this seq, 114s elapsed)
[10:36:28] [46/171] c1_sigmoid1_t1_v1: 439984 faces, unobs_frac_area=0.3687, 826 components (2.4s this seq, 132s elapsed)
[10:36:40] [51/171] c1_sigmoid1_t2_v3: 439984 faces, unobs_frac_area=0.3068, 1550 components (2.4s this seq, 144s elapsed)
[10:36:52] [56/171] c1_sigmoid1_t4_v2: 439984 faces, unobs_frac_area=0.3339, 390 components (2.4s this seq, 156s elapsed)
[10:36:56] [61/171] c1_sigmoid2_t2_v1: 133959 faces, unobs_frac_area=0.1356, 21 components (0.5s this seq, 160s elapsed)
[10:36:59] [66/171] c1_sigmoid2_t3_v3: 133959 faces, unobs_frac_area=0.2070, 57 components (0.6s this seq, 163s elapsed)
[10:37:05] [71/171] c1_transverse1_t1_v1: 319314 faces, unobs_frac_area=0.2862, 259 components (1.6s this seq, 169s elapsed)
[10:37:12] [76/171] c1_transverse1_t2_v3: 319314 faces, unobs_frac_area=0.2394, 50 components (1.3s this seq, 176s elapsed)
[10:37:20] [81/171] c1_transverse1_t4_v2: 319314 faces, unobs_frac_area=0.2709, 70 components (1.8s this seq, 184s elapsed)
[10:37:25] [86/171] c1_transverse2_t2_v1: 150868 faces, unobs_frac_area=0.2302, 78 components (0.8s this seq, 189s elapsed)
[10:37:28] [91/171] c1_transverse2_t3_v3: 150868 faces, unobs_frac_area=0.2453, 46 components (0.8s this seq, 192s elapsed)
[10:37:38] [96/171] c2_ascending_t1_v2: 734680 faces, unobs_frac_area=0.2720, 131 components (3.9s this seq, 202s elapsed)
[10:37:55] [101/171] c2_ascending_t3_v1: 734680 faces, unobs_frac_area=0.2586, 300 components (2.9s this seq, 219s elapsed)
[10:38:12] [106/171] c2_ascending_t4_v3: 734680 faces, unobs_frac_area=0.2624, 237 components (4.1s this seq, 236s elapsed)
[10:38:25] [111/171] c2_cecum_t2_v3: 544037 faces, unobs_frac_area=0.1338, 39 components (2.1s this seq, 248s elapsed)
[10:38:36] [116/171] c2_cecum_t4_v2: 544037 faces, unobs_frac_area=0.0427, 80 components (2.8s this seq, 260s elapsed)
[10:38:48] [121/171] c2_descending_t4_v1: 503462 faces, unobs_frac_area=0.3216, 300 components (2.1s this seq, 271s elapsed)
[10:38:55] [126/171] c2_rectum_t1_v3: 284742 faces, unobs_frac_area=0.2672, 95 components (1.1s this seq, 279s elapsed)
[10:39:01] [131/171] c2_rectum_t3_v2: 284742 faces, unobs_frac_area=0.2794, 103 components (1.5s this seq, 285s elapsed)
[10:39:07] [136/171] c2_sigmoid_t1_v1: 210287 faces, unobs_frac_area=0.2949, 28 components (1.1s this seq, 291s elapsed)
[10:39:12] [141/171] c2_sigmoid_t2_v3: 210287 faces, unobs_frac_area=0.2689, 38 components (1.1s this seq, 296s elapsed)
[10:39:18] [146/171] c2_sigmoid_t4_v2: 210287 faces, unobs_frac_area=0.2444, 33 components (1.1s this seq, 301s elapsed)
[10:39:24] [151/171] c2_transverse1_t1_v3: 363081 faces, unobs_frac_area=0.2836, 65 components (1.4s this seq, 308s elapsed)
[10:39:34] [156/171] c2_transverse1_t3_v2: 363081 faces, unobs_frac_area=0.3541, 76 components (1.8s this seq, 318s elapsed)
[10:39:42] [161/171] c2_transverse2_t1_v1: 217102 faces, unobs_frac_area=0.3041, 67 components (0.9s this seq, 326s elapsed)
[10:39:47] [166/171] c2_transverse2_t2_v3: 217102 faces, unobs_frac_area=0.1579, 50 components (1.1s this seq, 331s elapsed)
[10:39:53] [171/171] c2_transverse2_t4_v3: 217102 faces, unobs_frac_area=0.3868, 30 components (1.2s this seq, 337s elapsed)
[10:39:53] join with docs/release_v1.csv: 171 matched, 0 unmatched (no index row)
[10:39:53] wrote results/coverage_stats.csv (171 rows)
[10:39:53] wrote results/coverage_components.json
[10:39:53] ALL DONE
TMUX_JOB_DONE_EXIT_0
