[2026-09-27T17:15:08Z] === GPU availability check (scripts/gpu_status.py) ===
[2026-09-27T17:15:10Z] Sun Sep 27 13:15:08 2026       
+-----------------------------------------------------------------------------------------+
| NVIDIA-SMI 580.126.09             Driver Version: 580.126.09     CUDA Version: 13.0     |
+-----------------------------------------+------------------------+----------------------+
| GPU  Name                 Persistence-M | Bus-Id          Disp.A | Volatile Uncorr. ECC |
| Fan  Temp   Perf          Pwr:Usage/Cap |           Memory-Usage | GPU-Util  Compute M. |
|                                         |                        |               MIG M. |
|=========================================+========================+======================|
|   0  NVIDIA RTX 6000 Ada Gene...    Off |   00000000:1D:00.0 Off |                  Off |
| 33%   63C    P2            298W /  300W |   47034MiB /  49140MiB |     96%      Default |
|                                         |                        |                  N/A |
+-----------------------------------------+------------------------+----------------------+
|   1  NVIDIA RTX 6000 Ada Gene...    Off |   00000000:20:00.0 Off |                  Off |
| 45%   71C    P2            300W /  300W |   47034MiB /  49140MiB |     89%      Default |
|                                         |                        |                  N/A |
+-----------------------------------------+------------------------+----------------------+
|   2  NVIDIA RTX 6000 Ada Gene...    Off |   00000000:23:00.0 Off |                  Off |
| 45%   72C    P2            298W /  300W |   47036MiB /  49140MiB |     99%      Default |
|                                         |                        |                  N/A |
+-----------------------------------------+------------------------+----------------------+
|   3  NVIDIA RTX 6000 Ada Gene...    Off |   00000000:24:00.0 Off |                  Off |
| 47%   74C    P2            295W /  300W |   47034MiB /  49140MiB |     83%      Default |
|                                         |                        |                  N/A |
+-----------------------------------------+------------------------+----------------------+
|   4  NVIDIA RTX 6000 Ada Gene...    Off |   00000000:98:00.0 Off |                  Off |
| 30%   29C    P8             27W /  300W |   43316MiB /  49140MiB |      0%      Default |
|                                         |                        |                  N/A |
+-----------------------------------------+------------------------+----------------------+
|   5  NVIDIA RTX 6000 Ada Gene...    Off |   00000000:9B:00.0 Off |                  Off |
| 42%   70C    P2            297W /  300W |   47034MiB /  49140MiB |     99%      Default |
|                                         |                        |                  N/A |
+-----------------------------------------+------------------------+----------------------+
|   6  NVIDIA RTX 6000 Ada Gene...    Off |   00000000:9E:00.0 Off |                  Off |
| 37%   65C    P2            292W /  300W |   47034MiB /  49140MiB |     91%      Default |
|                                         |                        |                  N/A |
+-----------------------------------------+------------------------+----------------------+
|   7  NVIDIA RTX 6000 Ada Gene...    Off |   00000000:9F:00.0 Off |                  Off |
| 30%   34C    P2             58W /  300W |   16428MiB /  49140MiB |      0%      Default |
|                                         |                        |                  N/A |
+-----------------------------------------+------------------------+----------------------+

+-----------------------------------------------------------------------------------------+
| Processes:                                                                              |
|  GPU   GI   CI              PID   Type   Process name                        GPU Memory |
|        ID   ID                                                               Usage      |
|=========================================================================================|
|    0   N/A  N/A         3236783      C   python                                47024MiB |
|    1   N/A  N/A         3620151      C   python                                47024MiB |
|    2   N/A  N/A         1974931      C   python                                47026MiB |
|    3   N/A  N/A         3606718      C   python                                47024MiB |
|    4   N/A  N/A         2778814      C   sglang::scheduler                     43306MiB |
|    5   N/A  N/A         2406397      C   python                                47024MiB |
|    6   N/A  N/A         2505852      C   python                                47024MiB |
|    7   N/A  N/A         3284995      C   python3                               16418MiB |
+-----------------------------------------------------------------------------------------+

[2026-09-27T17:15:10Z] Selected GPU: index 7 (NVIDIA RTX 6000 Ada Generation), 32.1 GB free, 0% utilized
Warp 1.17.0 initialized:
   CUDA Toolkit 12.9, Driver 13.0
   Devices:
     "cpu"      : "x86_64"
     "cuda:0"   : "NVIDIA RTX 6000 Ada Generation" (47 GiB, sm_89, mempool enabled)
   Kernel cache:
     /home/grad/doc/2029/chua/.cache/warp/1.17.0
[2026-09-27T17:15:10Z][gpu7] warp version 1.17.0, device cuda:0, CUDA_VISIBLE_DEVICES=7
Module gt.rasterizer fa7bb76 load on device 'cuda:0' took 14.39 ms  (cached)
[2026-09-27T17:15:27Z][gpu7] c1_cecum_t1_v1: DONE in 15.9s, ignore_set=20094/699908
EXITCODE:0
