Warp 1.17.0 initialized:
   CUDA Toolkit 12.9, Driver 13.0
   Devices:
     "cpu"      : "x86_64"
     "cuda:0"   : "NVIDIA RTX 6000 Ada Generation" (47 GiB, sm_89, mempool enabled)
   Kernel cache:
     /home/grad/doc/2029/chua/.cache/warp/1.17.0
[2026-09-27T17:17:04Z][gpu7] warp version 1.17.0, device cuda:0, CUDA_VISIBLE_DEVICES=7
[2026-09-27T17:17:04Z][gpu7] shard 0/1: 169 sequences assigned
Module gt.rasterizer fa7bb76 load on device 'cuda:0' took 11.10 ms  (cached)
[2026-09-27T17:17:26Z][gpu7] c1_ascending_t1_v1: DONE in 21.9s, ignore_set=22434/755902
[2026-09-27T17:17:56Z][gpu7] c1_ascending_t1_v2: DONE in 30.2s, ignore_set=14783/755902
[2026-09-27T17:18:23Z][gpu7] c1_ascending_t2_v1: DONE in 27.0s, ignore_set=33571/838043
[2026-09-27T17:18:53Z][gpu7] c1_ascending_t2_v2: DONE in 30.2s, ignore_set=15926/755902
[2026-09-27T17:19:22Z][gpu7] c1_ascending_t2_v3: DONE in 28.5s, ignore_set=15935/755902
[2026-09-27T17:19:42Z][gpu7] c1_ascending_t3_v1: DONE in 19.9s, ignore_set=31580/755902
[2026-09-27T17:20:30Z][gpu7] c1_ascending_t3_v2: DONE in 48.0s, ignore_set=23642/755902
[2026-09-27T17:21:19Z][gpu7] c1_ascending_t3_v3: DONE in 49.9s, ignore_set=23621/755902
[2026-09-27T17:21:48Z][gpu7] c1_ascending_t4_v1: DONE in 28.6s, ignore_set=16611/755902
[2026-09-27T17:22:37Z][gpu7] c1_ascending_t4_v2: DONE in 48.5s, ignore_set=24647/755902
[2026-09-27T17:23:27Z][gpu7] c1_ascending_t4_v3: DONE in 50.4s, ignore_set=24674/755902
[2026-09-27T17:23:42Z][gpu7] c1_cecum_t1_v1: DONE in 15.2s, ignore_set=20094/699908
[2026-09-27T17:24:13Z][gpu7] c1_cecum_t1_v2: DONE in 31.0s, ignore_set=21105/699908
[2026-09-27T17:24:41Z][gpu7] c1_cecum_t1_v3: DONE in 28.0s, ignore_set=21416/699908
[2026-09-27T17:25:01Z][gpu7] c1_cecum_t2_v1: DONE in 19.9s, ignore_set=21268/699908
[2026-09-27T17:25:22Z][gpu7] c1_cecum_t2_v2: DONE in 20.7s, ignore_set=24738/699908
[2026-09-27T17:25:44Z][gpu7] c1_cecum_t2_v3: DONE in 22.4s, ignore_set=24729/699908
[2026-09-27T17:26:31Z][gpu7] c1_cecum_t3_v2: DONE in 46.9s, ignore_set=30389/699908
[2026-09-27T17:27:15Z][gpu7] c1_cecum_t3_v3: DONE in 44.1s, ignore_set=30341/699908
[2026-09-27T17:28:06Z][gpu7] c1_cecum_t4_v1: DONE in 50.5s, ignore_set=19858/699908
[2026-09-27T17:29:15Z][gpu7] c1_cecum_t4_v2: DONE in 69.6s, ignore_set=20866/699908
[2026-09-27T17:30:18Z][gpu7] c1_cecum_t4_v3: DONE in 63.1s, ignore_set=20906/699908
[2026-09-27T17:30:28Z][gpu7] c1_descending_t1_v1: DONE in 9.6s, ignore_set=2930/217311
[2026-09-27T17:30:44Z][gpu7] c1_descending_t1_v2: DONE in 16.4s, ignore_set=3788/217311
[2026-09-27T17:30:58Z][gpu7] c1_descending_t1_v3: DONE in 13.9s, ignore_set=3758/217311
[2026-09-27T17:31:38Z][gpu7] c1_descending_t2_v2: DONE in 40.1s, ignore_set=7253/217311
[2026-09-27T17:32:17Z][gpu7] c1_descending_t2_v3: DONE in 38.4s, ignore_set=7279/217311
[2026-09-27T17:32:33Z][gpu7] c1_descending_t3_v1: DONE in 16.1s, ignore_set=3043/217311
[2026-09-27T17:32:54Z][gpu7] c1_descending_t3_v2: DONE in 21.2s, ignore_set=8141/217311
[2026-09-27T17:33:15Z][gpu7] c1_descending_t3_v3: DONE in 20.8s, ignore_set=8170/217311
[2026-09-27T17:33:27Z][gpu7] c1_descending_t4_v1: DONE in 12.2s, ignore_set=3552/217311
[2026-09-27T17:33:44Z][gpu7] c1_descending_t4_v2: DONE in 17.0s, ignore_set=2317/217311
[2026-09-27T17:34:02Z][gpu7] c1_descending_t4_v3: DONE in 18.1s, ignore_set=2302/217311
[2026-09-27T17:34:17Z][gpu7] c1_rectum_t1_v1: DONE in 14.7s, ignore_set=4172/709291
[2026-09-27T17:34:45Z][gpu7] c1_rectum_t1_v2: DONE in 28.3s, ignore_set=54331/709291
[2026-09-27T17:35:11Z][gpu7] c1_rectum_t1_v3: DONE in 25.6s, ignore_set=54021/709291
[2026-09-27T17:35:26Z][gpu7] c1_rectum_t2_v1: DONE in 15.3s, ignore_set=5197/709291
[2026-09-27T17:35:57Z][gpu7] c1_rectum_t2_v2: DONE in 31.1s, ignore_set=8181/709291
[2026-09-27T17:36:22Z][gpu7] c1_rectum_t2_v3: DONE in 24.9s, ignore_set=8178/709291
[2026-09-27T17:36:41Z][gpu7] c1_rectum_t3_v1: DONE in 19.3s, ignore_set=10908/709291
[2026-09-27T17:36:56Z][gpu7] c1_rectum_t3_v2: DONE in 15.1s, ignore_set=7653/709291
[2026-09-27T17:37:14Z][gpu7] c1_rectum_t3_v3: DONE in 17.4s, ignore_set=7647/709291
[2026-09-27T17:37:39Z][gpu7] c1_rectum_t4_v1: DONE in 24.7s, ignore_set=7576/709291
[2026-09-27T17:38:09Z][gpu7] c1_rectum_t4_v2: DONE in 30.9s, ignore_set=4736/709291
[2026-09-27T17:38:37Z][gpu7] c1_rectum_t4_v3: DONE in 27.4s, ignore_set=4738/709291
[2026-09-27T17:38:50Z][gpu7] c1_sigmoid1_t1_v1: DONE in 13.3s, ignore_set=8061/439984
[2026-09-27T17:39:10Z][gpu7] c1_sigmoid1_t1_v2: DONE in 20.1s, ignore_set=9865/439984
[2026-09-27T17:39:30Z][gpu7] c1_sigmoid1_t1_v3: DONE in 20.0s, ignore_set=9823/439984
[2026-09-27T17:39:52Z][gpu7] c1_sigmoid1_t2_v1: DONE in 21.8s, ignore_set=10764/439984
[2026-09-27T17:40:11Z][gpu7] c1_sigmoid1_t2_v2: DONE in 19.3s, ignore_set=18966/439984
[2026-09-27T17:40:35Z][gpu7] c1_sigmoid1_t2_v3: DONE in 23.5s, ignore_set=18957/439984
[2026-09-27T17:41:01Z][gpu7] c1_sigmoid1_t3_v1: DONE in 26.1s, ignore_set=8601/439984
[2026-09-27T17:41:37Z][gpu7] c1_sigmoid1_t3_v2: DONE in 36.1s, ignore_set=7898/439984
[2026-09-27T17:42:11Z][gpu7] c1_sigmoid1_t3_v3: DONE in 34.2s, ignore_set=7884/439984
[2026-09-27T17:42:49Z][gpu7] c1_sigmoid1_t4_v1: DONE in 37.7s, ignore_set=7887/439984
[2026-09-27T17:43:41Z][gpu7] c1_sigmoid1_t4_v2: DONE in 51.5s, ignore_set=8665/439984
[2026-09-27T17:44:38Z][gpu7] c1_sigmoid1_t4_v3: DONE in 57.0s, ignore_set=8665/439984
[2026-09-27T17:44:47Z][gpu7] c1_sigmoid2_t1_v1: DONE in 9.6s, ignore_set=1837/133959
[2026-09-27T17:44:59Z][gpu7] c1_sigmoid2_t1_v2: DONE in 11.8s, ignore_set=1640/133959
[2026-09-27T17:45:11Z][gpu7] c1_sigmoid2_t1_v3: DONE in 11.7s, ignore_set=1643/133959
[2026-09-27T17:45:37Z][gpu7] c1_sigmoid2_t2_v1: DONE in 26.7s, ignore_set=3259/133959
[2026-09-27T17:45:52Z][gpu7] c1_sigmoid2_t2_v2: DONE in 14.3s, ignore_set=2449/133959
[2026-09-27T17:46:11Z][gpu7] c1_sigmoid2_t2_v3: DONE in 19.2s, ignore_set=2549/133959
[2026-09-27T17:46:25Z][gpu7] c1_sigmoid2_t3_v1: DONE in 13.8s, ignore_set=1716/133959
[2026-09-27T17:46:42Z][gpu7] c1_sigmoid2_t3_v2: DONE in 17.1s, ignore_set=3104/133959
[2026-09-27T17:46:57Z][gpu7] c1_sigmoid2_t3_v3: DONE in 15.5s, ignore_set=3077/133959
[2026-09-27T17:47:30Z][gpu7] c1_sigmoid2_t4_v1: DONE in 32.3s, ignore_set=3485/133959
[2026-09-27T17:47:54Z][gpu7] c1_sigmoid2_t4_v2: DONE in 24.3s, ignore_set=2650/133959
[2026-09-27T17:48:25Z][gpu7] c1_sigmoid2_t4_v3: DONE in 30.5s, ignore_set=2311/133959
[2026-09-27T17:48:39Z][gpu7] c1_transverse1_t1_v1: DONE in 14.0s, ignore_set=6469/319314
[2026-09-27T17:48:49Z][gpu7] c1_transverse1_t1_v2: DONE in 10.2s, ignore_set=6731/319314
[2026-09-27T17:48:58Z][gpu7] c1_transverse1_t1_v3: DONE in 9.3s, ignore_set=6927/319314
[2026-09-27T17:49:51Z][gpu7] c1_transverse1_t2_v1: DONE in 53.0s, ignore_set=9952/319314
[2026-09-27T17:50:14Z][gpu7] c1_transverse1_t2_v2: DONE in 22.5s, ignore_set=6472/319314
[2026-09-27T17:50:29Z][gpu7] c1_transverse1_t2_v3: DONE in 15.4s, ignore_set=6472/319314
[2026-09-27T17:50:45Z][gpu7] c1_transverse1_t3_v1: DONE in 16.2s, ignore_set=8060/319314
[2026-09-27T17:51:01Z][gpu7] c1_transverse1_t3_v2: DONE in 16.1s, ignore_set=6342/319314
[2026-09-27T17:51:16Z][gpu7] c1_transverse1_t3_v3: DONE in 15.2s, ignore_set=6442/319314
[2026-09-27T17:51:42Z][gpu7] c1_transverse1_t4_v1: DONE in 25.2s, ignore_set=17908/319314
[2026-09-27T17:52:34Z][gpu7] c1_transverse1_t4_v2: DONE in 52.4s, ignore_set=19246/319314
[2026-09-27T17:53:18Z][gpu7] c1_transverse1_t4_v3: DONE in 44.1s, ignore_set=19381/319314
[2026-09-27T17:53:39Z][gpu7] c1_transverse2_t1_v1: DONE in 20.5s, ignore_set=2644/150868
[2026-09-27T17:54:15Z][gpu7] c1_transverse2_t1_v2: DONE in 35.9s, ignore_set=3041/150868
[2026-09-27T17:54:50Z][gpu7] c1_transverse2_t1_v3: DONE in 36.0s, ignore_set=3635/150868
[2026-09-27T17:55:23Z][gpu7] c1_transverse2_t2_v1: DONE in 32.5s, ignore_set=3217/150868
[2026-09-27T17:56:01Z][gpu7] c1_transverse2_t2_v2: DONE in 38.5s, ignore_set=2393/150868
[2026-09-27T17:56:41Z][gpu7] c1_transverse2_t2_v3: DONE in 39.5s, ignore_set=2396/150868
[2026-09-27T17:57:22Z][gpu7] c1_transverse2_t3_v1: DONE in 41.4s, ignore_set=2061/150868
[2026-09-27T17:57:44Z][gpu7] c1_transverse2_t3_v2: DONE in 22.1s, ignore_set=1798/150868
[2026-09-27T17:58:05Z][gpu7] c1_transverse2_t3_v3: DONE in 20.1s, ignore_set=1808/150868
[2026-09-27T17:58:23Z][gpu7] c1_transverse2_t4_v1: DONE in 18.7s, ignore_set=1971/150868
[2026-09-27T17:58:52Z][gpu7] c1_transverse2_t4_v2: DONE in 28.4s, ignore_set=3964/150868
[2026-09-27T17:59:19Z][gpu7] c1_transverse2_t4_v3: DONE in 27.1s, ignore_set=3967/150868
[2026-09-27T17:59:41Z][gpu7] c2_ascending_t1_v1: DONE in 22.3s, ignore_set=48988/734680
[2026-09-27T18:00:24Z][gpu7] c2_ascending_t1_v2: DONE in 42.9s, ignore_set=60547/734680
[2026-09-27T18:01:03Z][gpu7] c2_ascending_t1_v3: DONE in 39.2s, ignore_set=60587/734680
[2026-09-27T18:01:36Z][gpu7] c2_ascending_t2_v1: DONE in 32.9s, ignore_set=52718/734680
[2026-09-27T18:02:15Z][gpu7] c2_ascending_t2_v2: DONE in 38.5s, ignore_set=66660/734680
[2026-09-27T18:02:54Z][gpu7] c2_ascending_t2_v3: DONE in 39.2s, ignore_set=66619/734680
[2026-09-27T18:03:23Z][gpu7] c2_ascending_t3_v1: DONE in 29.4s, ignore_set=70094/734680
[2026-09-27T18:04:10Z][gpu7] c2_ascending_t3_v2: DONE in 47.3s, ignore_set=56201/734680
[2026-09-27T18:04:52Z][gpu7] c2_ascending_t3_v3: DONE in 41.6s, ignore_set=56187/734680
[2026-09-27T18:05:16Z][gpu7] c2_ascending_t4_v1: DONE in 23.7s, ignore_set=70289/734680
[2026-09-27T18:05:50Z][gpu7] c2_ascending_t4_v2: DONE in 34.5s, ignore_set=69059/734680
[2026-09-27T18:06:23Z][gpu7] c2_ascending_t4_v3: DONE in 32.9s, ignore_set=69066/734680
[2026-09-27T18:06:48Z][gpu7] c2_cecum_t1_v1: DONE in 24.9s, ignore_set=20491/544037
[2026-09-27T18:07:23Z][gpu7] c2_cecum_t1_v2: DONE in 35.0s, ignore_set=24759/544037
[2026-09-27T18:07:59Z][gpu7] c2_cecum_t1_v3: DONE in 35.6s, ignore_set=24680/544037
[2026-09-27T18:08:35Z][gpu7] c2_cecum_t2_v2: DONE in 36.7s, ignore_set=26200/544037
[2026-09-27T18:09:11Z][gpu7] c2_cecum_t2_v3: DONE in 36.0s, ignore_set=26173/544037
[2026-09-27T18:09:31Z][gpu7] c2_cecum_t3_v1: DONE in 19.4s, ignore_set=18642/544037
[2026-09-27T18:09:56Z][gpu7] c2_cecum_t3_v2: DONE in 25.0s, ignore_set=25567/544037
[2026-09-27T18:10:21Z][gpu7] c2_cecum_t3_v3: DONE in 25.6s, ignore_set=25472/544037
[2026-09-27T18:10:37Z][gpu7] c2_cecum_t4_v1: DONE in 15.3s, ignore_set=23211/544037
[2026-09-27T18:11:18Z][gpu7] c2_cecum_t4_v2: DONE in 41.3s, ignore_set=26153/544037
[2026-09-27T18:12:01Z][gpu7] c2_cecum_t4_v3: DONE in 43.0s, ignore_set=26095/544037
[2026-09-27T18:12:18Z][gpu7] c2_descending_t3_v1: DONE in 16.9s, ignore_set=28927/503462
[2026-09-27T18:12:52Z][gpu7] c2_descending_t3_v2: DONE in 33.9s, ignore_set=52940/503462
[2026-09-27T18:13:24Z][gpu7] c2_descending_t3_v3: DONE in 31.7s, ignore_set=52210/503462
[2026-09-27T18:13:43Z][gpu7] c2_descending_t4_v1: DONE in 19.6s, ignore_set=30040/503462
[2026-09-27T18:13:54Z][gpu7] c2_descending_t4_v2: DONE in 11.0s, ignore_set=25551/503462
[2026-09-27T18:14:05Z][gpu7] c2_descending_t4_v3: DONE in 10.4s, ignore_set=25306/503462
[2026-09-27T18:14:19Z][gpu7] c2_rectum_t1_v1: DONE in 14.0s, ignore_set=9330/284742
[2026-09-27T18:15:14Z][gpu7] c2_rectum_t1_v2: DONE in 55.8s, ignore_set=11554/284742
[2026-09-27T18:16:08Z][gpu7] c2_rectum_t1_v3: DONE in 53.8s, ignore_set=11572/284742
[2026-09-27T18:16:51Z][gpu7] c2_rectum_t2_v1: DONE in 42.7s, ignore_set=9969/284742
[2026-09-27T18:17:20Z][gpu7] c2_rectum_t2_v2: DONE in 29.1s, ignore_set=12528/284742
[2026-09-27T18:17:53Z][gpu7] c2_rectum_t2_v3: DONE in 32.6s, ignore_set=12515/284742
[2026-09-27T18:18:14Z][gpu7] c2_rectum_t3_v1: DONE in 21.9s, ignore_set=16478/284742
[2026-09-27T18:18:41Z][gpu7] c2_rectum_t3_v2: DONE in 26.1s, ignore_set=14575/284742
[2026-09-27T18:19:06Z][gpu7] c2_rectum_t3_v3: DONE in 25.3s, ignore_set=14702/284742
[2026-09-27T18:19:21Z][gpu7] c2_rectum_t4_v1: DONE in 15.6s, ignore_set=13815/284742
[2026-09-27T18:19:48Z][gpu7] c2_rectum_t4_v2: DONE in 26.7s, ignore_set=6060/284742
[2026-09-27T18:20:12Z][gpu7] c2_rectum_t4_v3: DONE in 23.7s, ignore_set=6086/284742
[2026-09-27T18:20:47Z][gpu7] c2_sigmoid_t1_v1: DONE in 35.0s, ignore_set=7517/210287
[2026-09-27T18:21:32Z][gpu7] c2_sigmoid_t1_v2: DONE in 45.2s, ignore_set=1929/210287
[2026-09-27T18:22:10Z][gpu7] c2_sigmoid_t1_v3: DONE in 38.1s, ignore_set=1929/210287
[2026-09-27T18:22:46Z][gpu7] c2_sigmoid_t2_v1: DONE in 36.2s, ignore_set=3764/210287
[2026-09-27T18:23:18Z][gpu7] c2_sigmoid_t2_v2: DONE in 31.1s, ignore_set=4375/210287
[2026-09-27T18:23:52Z][gpu7] c2_sigmoid_t2_v3: DONE in 34.2s, ignore_set=4361/210287
[2026-09-27T18:24:19Z][gpu7] c2_sigmoid_t3_v1: DONE in 26.8s, ignore_set=6801/210287
[2026-09-27T18:24:34Z][gpu7] c2_sigmoid_t3_v2: DONE in 15.8s, ignore_set=4053/210287
[2026-09-27T18:24:52Z][gpu7] c2_sigmoid_t3_v3: DONE in 17.2s, ignore_set=4044/210287
[2026-09-27T18:25:20Z][gpu7] c2_sigmoid_t4_v1: DONE in 28.8s, ignore_set=6477/210287
[2026-09-27T18:25:44Z][gpu7] c2_sigmoid_t4_v2: DONE in 23.5s, ignore_set=10106/210287
[2026-09-27T18:26:07Z][gpu7] c2_sigmoid_t4_v3: DONE in 23.5s, ignore_set=10116/210287
[2026-09-27T18:26:33Z][gpu7] c2_transverse1_t1_v1: DONE in 26.0s, ignore_set=10037/363081
[2026-09-27T18:27:14Z][gpu7] c2_transverse1_t1_v2: DONE in 40.5s, ignore_set=10242/363081
[2026-09-27T18:27:58Z][gpu7] c2_transverse1_t1_v3: DONE in 44.3s, ignore_set=10302/363081
[2026-09-27T18:28:48Z][gpu7] c2_transverse1_t2_v1: DONE in 49.4s, ignore_set=19726/363081
[2026-09-27T18:29:35Z][gpu7] c2_transverse1_t2_v2: DONE in 47.7s, ignore_set=7255/363081
[2026-09-27T18:30:22Z][gpu7] c2_transverse1_t2_v3: DONE in 46.3s, ignore_set=7241/363081
[2026-09-27T18:31:24Z][gpu7] c2_transverse1_t3_v1: DONE in 62.5s, ignore_set=27596/363081
[2026-09-27T18:31:45Z][gpu7] c2_transverse1_t3_v2: DONE in 21.5s, ignore_set=3062/363081
[2026-09-27T18:32:08Z][gpu7] c2_transverse1_t3_v3: DONE in 22.7s, ignore_set=3147/363081
[2026-09-27T18:32:35Z][gpu7] c2_transverse1_t4_v1: DONE in 27.0s, ignore_set=11638/363081
[2026-09-27T18:33:05Z][gpu7] c2_transverse1_t4_v2: DONE in 29.5s, ignore_set=8436/363081
[2026-09-27T18:33:32Z][gpu7] c2_transverse1_t4_v3: DONE in 27.7s, ignore_set=8423/363081
[2026-09-27T18:33:59Z][gpu7] c2_transverse2_t1_v1: DONE in 26.7s, ignore_set=8410/217102
[2026-09-27T18:34:39Z][gpu7] c2_transverse2_t1_v2: DONE in 39.8s, ignore_set=8504/217102
[2026-09-27T18:35:18Z][gpu7] c2_transverse2_t1_v3: DONE in 39.2s, ignore_set=8469/217102
[2026-09-27T18:35:47Z][gpu7] c2_transverse2_t2_v1: DONE in 28.4s, ignore_set=3351/217102
[2026-09-27T18:36:10Z][gpu7] c2_transverse2_t2_v2: DONE in 23.0s, ignore_set=7752/217102
[2026-09-27T18:36:37Z][gpu7] c2_transverse2_t2_v3: DONE in 27.2s, ignore_set=7735/217102
[2026-09-27T18:36:50Z][gpu7] c2_transverse2_t3_v1: DONE in 13.4s, ignore_set=14983/217102
[2026-09-27T18:37:39Z][gpu7] c2_transverse2_t3_v2: DONE in 48.9s, ignore_set=12305/217102
[2026-09-27T18:38:27Z][gpu7] c2_transverse2_t3_v3: DONE in 48.2s, ignore_set=11920/217102
[2026-09-27T18:39:12Z][gpu7] c2_transverse2_t4_v1: DONE in 45.2s, ignore_set=4514/217102
[2026-09-27T18:40:25Z][gpu7] c2_transverse2_t4_v3: DONE in 72.2s, ignore_set=9572/217102
[2026-09-27T18:40:25Z][gpu7] shard 0/1: all assigned sequences done
EXITCODE:0
