Sat Sep 19 21:47:50 2026       
+-----------------------------------------------------------------------------------------+
| NVIDIA-SMI 580.126.09             Driver Version: 580.126.09     CUDA Version: 13.0     |
+-----------------------------------------+------------------------+----------------------+
| GPU  Name                 Persistence-M | Bus-Id          Disp.A | Volatile Uncorr. ECC |
| Fan  Temp   Perf          Pwr:Usage/Cap |           Memory-Usage | GPU-Util  Compute M. |
|                                         |                        |               MIG M. |
|=========================================+========================+======================|
|   0  NVIDIA RTX 6000 Ada Gene...    Off |   00000000:1D:00.0 Off |                  Off |
| 32%   62C    P2            292W /  300W |   47034MiB /  49140MiB |     82%      Default |
|                                         |                        |                  N/A |
+-----------------------------------------+------------------------+----------------------+
|   1  NVIDIA RTX 6000 Ada Gene...    Off |   00000000:20:00.0 Off |                  Off |
| 43%   70C    P2            298W /  300W |   47034MiB /  49140MiB |     92%      Default |
|                                         |                        |                  N/A |
+-----------------------------------------+------------------------+----------------------+
|   2  NVIDIA RTX 6000 Ada Gene...    Off |   00000000:23:00.0 Off |                  Off |
| 45%   72C    P2            299W /  300W |   47034MiB /  49140MiB |     98%      Default |
|                                         |                        |                  N/A |
+-----------------------------------------+------------------------+----------------------+
|   3  NVIDIA RTX 6000 Ada Gene...    Off |   00000000:24:00.0 Off |                  Off |
| 46%   74C    P2            298W /  300W |   47034MiB /  49140MiB |     99%      Default |
|                                         |                        |                  N/A |
+-----------------------------------------+------------------------+----------------------+
|   4  NVIDIA RTX 6000 Ada Gene...    Off |   00000000:98:00.0 Off |                  Off |
| 30%   29C    P8             27W /  300W |   43316MiB /  49140MiB |      0%      Default |
|                                         |                        |                  N/A |
+-----------------------------------------+------------------------+----------------------+
|   5  NVIDIA RTX 6000 Ada Gene...    Off |   00000000:9B:00.0 Off |                  Off |
| 42%   68C    P2            300W /  300W |   47034MiB /  49140MiB |     99%      Default |
|                                         |                        |                  N/A |
+-----------------------------------------+------------------------+----------------------+
|   6  NVIDIA RTX 6000 Ada Gene...    Off |   00000000:9E:00.0 Off |                  Off |
| 37%   66C    P2            298W /  300W |   47034MiB /  49140MiB |     99%      Default |
|                                         |                        |                  N/A |
+-----------------------------------------+------------------------+----------------------+
|   7  NVIDIA RTX 6000 Ada Gene...    Off |   00000000:9F:00.0 Off |                  Off |
| 30%   34C    P2             58W /  300W |   16428MiB /  49140MiB |      0%      Default |
|                                         |                        |                  N/A |
+-----------------------------------------+------------------------+----------------------+

+-----------------------------------------------------------------------------------------+
| Processes:                                                                              |
|  GPU   GI   CI              PID   Type   Process name                        GPU Memory |
|        ID   ID                                                               Usage      |
|=========================================================================================|
|    0   N/A  N/A         2824063      C   python                                47024MiB |
|    1   N/A  N/A         2284622      C   python                                47024MiB |
|    2   N/A  N/A         2422831      C   python                                47024MiB |
|    3   N/A  N/A         2850246      C   python                                47024MiB |
|    4   N/A  N/A         2778814      C   sglang::scheduler                     43306MiB |
|    5   N/A  N/A         2440297      C   python                                47024MiB |
|    6   N/A  N/A         2574762      C   python                                47024MiB |
|    7   N/A  N/A         3284995      C   python3                               16418MiB |
+-----------------------------------------------------------------------------------------+

Recommended GPU: index 7 (NVIDIA RTX 6000 Ada Generation) -- 32.1 GB free, 0% utilized
