Looking in indexes: https://pypi.org/simple, https://download.pytorch.org/whl/cu117
Collecting torch==2.0.0
  Downloading https://download-r2.pytorch.org/whl/cu117/torch-2.0.0%2Bcu117-cp39-cp39-linux_x86_64.whl (1843.9 MB)
     ━━━━━━━━━━━━━━━━━━━━━━━━━━━━━━━━━━━━━━━━ 1.8/1.8 GB 13.3 MB/s  0:00:34
Collecting torchvision==0.15.0
  Downloading https://download-r2.pytorch.org/whl/cu117/torchvision-0.15.0%2Bcu117-cp39-cp39-linux_x86_64.whl (6.1 MB)
     ━━━━━━━━━━━━━━━━━━━━━━━━━━━━━━━━━━━━━━━━ 6.1/6.1 MB 39.7 MB/s  0:00:00
Collecting omegaconf
  Downloading omegaconf-2.3.1-py3-none-any.whl.metadata (4.5 kB)
Collecting torchmetrics==0.10.3
  Downloading torchmetrics-0.10.3-py3-none-any.whl.metadata (15 kB)
Collecting fvcore
  Downloading fvcore-0.1.5.post20221221.tar.gz (50 kB)
  Preparing metadata (setup.py): started
  Preparing metadata (setup.py): finished with status 'done'
Collecting iopath
  Downloading iopath-0.1.10.tar.gz (42 kB)
  Preparing metadata (setup.py): started
  Preparing metadata (setup.py): finished with status 'done'
Collecting xformers==0.0.18
  Downloading xformers-0.0.18-cp39-cp39-manylinux2014_x86_64.whl.metadata (1.1 kB)
Collecting tensorboardX
  Using cached tensorboardx-2.6.5-py3-none-any.whl.metadata (6.6 kB)
Collecting tqdm
  Downloading tqdm-4.70.1-py3-none-any.whl.metadata (57 kB)
Collecting opencv-python
  Downloading opencv_python-5.0.0.93-cp37-abi3-manylinux_2_28_x86_64.whl.metadata (19 kB)
Collecting open3d
  Downloading open3d-0.19.0-cp39-cp39-manylinux_2_31_x86_64.whl.metadata (4.3 kB)
Collecting scikit-image
  Downloading scikit_image-0.24.0-cp39-cp39-manylinux_2_17_x86_64.manylinux2014_x86_64.whl.metadata (14 kB)
Collecting scipy
  Downloading scipy-1.13.1-cp39-cp39-manylinux_2_17_x86_64.manylinux2014_x86_64.whl.metadata (60 kB)
Collecting matplotlib
  Downloading matplotlib-3.9.4-cp39-cp39-manylinux_2_17_x86_64.manylinux2014_x86_64.whl.metadata (11 kB)
Collecting pillow
  Downloading pillow-11.3.0-cp39-cp39-manylinux_2_27_x86_64.manylinux_2_28_x86_64.whl.metadata (9.0 kB)
Collecting filelock (from torch==2.0.0)
  Downloading filelock-3.19.1-py3-none-any.whl.metadata (2.1 kB)
Collecting typing-extensions (from torch==2.0.0)
  Downloading typing_extensions-4.16.0-py3-none-any.whl.metadata (3.3 kB)
Collecting sympy (from torch==2.0.0)
  Using cached sympy-1.14.0-py3-none-any.whl.metadata (12 kB)
Collecting networkx (from torch==2.0.0)
  Using cached networkx-3.2.1-py3-none-any.whl.metadata (5.2 kB)
Collecting jinja2 (from torch==2.0.0)
  Using cached https://download.pytorch.org/whl/jinja2-3.1.6-py3-none-any.whl.metadata (2.9 kB)
Collecting triton==2.0.0 (from torch==2.0.0)
  Downloading https://download-r2.pytorch.org/whl/triton-2.0.0-1-cp39-cp39-manylinux2014_x86_64.manylinux_2_17_x86_64.whl (63.3 MB)
     ━━━━━━━━━━━━━━━━━━━━━━━━━━━━━━━━━━━━━━━━ 63.3/63.3 MB 50.9 MB/s  0:00:01
Collecting numpy (from torchvision==0.15.0)
  Downloading numpy-2.0.2-cp39-cp39-manylinux_2_17_x86_64.manylinux2014_x86_64.whl.metadata (60 kB)
Collecting requests (from torchvision==0.15.0)
  Using cached requests-2.32.5-py3-none-any.whl.metadata (4.9 kB)
Collecting packaging (from torchmetrics==0.10.3)
  Using cached packaging-26.3-py3-none-any.whl.metadata (3.5 kB)
Collecting pyre-extensions==0.0.23 (from xformers==0.0.18)
  Downloading pyre_extensions-0.0.23-py3-none-any.whl.metadata (4.0 kB)
Collecting typing-inspect (from pyre-extensions==0.0.23->xformers==0.0.18)
  Downloading https://download.pytorch.org/whl/typing_inspect-0.9.0-py3-none-any.whl (8.8 kB)
Collecting cmake (from triton==2.0.0->torch==2.0.0)
  Downloading cmake-4.4.3-py3-none-manylinux2014_x86_64.manylinux_2_17_x86_64.whl.metadata (7.0 kB)
Collecting lit (from triton==2.0.0->torch==2.0.0)
  Downloading lit-23.1.1-py3-none-any.whl.metadata (2.7 kB)
Collecting antlr4-python3-runtime==4.9.* (from omegaconf)
  Using cached antlr4-python3-runtime-4.9.3.tar.gz (117 kB)
  Preparing metadata (setup.py): started
  Preparing metadata (setup.py): finished with status 'done'
Collecting PyYAML>=5.1.0 (from omegaconf)
  Downloading pyyaml-6.0.3-cp39-cp39-manylinux2014_x86_64.manylinux_2_17_x86_64.manylinux_2_28_x86_64.whl.metadata (2.4 kB)
Collecting yacs>=0.1.6 (from fvcore)
  Downloading yacs-0.1.8-py3-none-any.whl.metadata (639 bytes)
Collecting termcolor>=1.1 (from fvcore)
  Downloading termcolor-3.1.0-py3-none-any.whl.metadata (6.4 kB)
Collecting tabulate (from fvcore)
  Downloading tabulate-0.9.0-py3-none-any.whl.metadata (34 kB)
Collecting portalocker (from iopath)
  Using cached portalocker-3.2.0-py3-none-any.whl.metadata (8.7 kB)
Collecting protobuf>=3.20 (from tensorboardX)
  Using cached protobuf-6.33.6-cp39-abi3-manylinux2014_x86_64.whl.metadata (593 bytes)
Collecting dash>=2.6.0 (from open3d)
  Downloading dash-4.4.1-py3-none-any.whl.metadata (11 kB)
Collecting werkzeug>=3.0.0 (from open3d)
  Downloading werkzeug-3.1.8-py3-none-any.whl.metadata (4.0 kB)
Collecting flask>=3.0.0 (from open3d)
  Downloading flask-3.1.3-py3-none-any.whl.metadata (3.2 kB)
Collecting nbformat>=5.7.0 (from open3d)
  Using cached nbformat-5.10.4-py3-none-any.whl.metadata (3.6 kB)
Collecting configargparse (from open3d)
  Downloading configargparse-1.7.7-py3-none-any.whl.metadata (23 kB)
Collecting ipywidgets>=8.0.4 (from open3d)
  Downloading ipywidgets-8.1.9-py3-none-any.whl.metadata (2.4 kB)
Collecting addict (from open3d)
  Using cached addict-2.4.0-py3-none-any.whl.metadata (1.0 kB)
Collecting pandas>=1.0 (from open3d)
  Downloading pandas-2.3.3-cp39-cp39-manylinux_2_24_x86_64.manylinux_2_28_x86_64.whl.metadata (91 kB)
Collecting scikit-learn>=0.21 (from open3d)
  Downloading scikit_learn-1.6.1-cp39-cp39-manylinux_2_17_x86_64.manylinux2014_x86_64.whl.metadata (18 kB)
Collecting pyquaternion (from open3d)
  Using cached pyquaternion-0.9.9-py3-none-any.whl.metadata (1.4 kB)
Collecting imageio>=2.33 (from scikit-image)
  Using cached imageio-2.37.2-py3-none-any.whl.metadata (9.7 kB)
Collecting tifffile>=2022.8.12 (from scikit-image)
  Downloading tifffile-2024.8.30-py3-none-any.whl.metadata (31 kB)
Collecting lazy-loader>=0.4 (from scikit-image)
  Using cached lazy_loader-0.5-py3-none-any.whl.metadata (5.9 kB)
Collecting contourpy>=1.0.1 (from matplotlib)
  Downloading contourpy-1.3.0-cp39-cp39-manylinux_2_17_x86_64.manylinux2014_x86_64.whl.metadata (5.4 kB)
Collecting cycler>=0.10 (from matplotlib)
  Using cached cycler-0.12.1-py3-none-any.whl.metadata (3.8 kB)
Collecting fonttools>=4.22.0 (from matplotlib)
  Downloading fonttools-4.60.2-cp39-cp39-manylinux2014_x86_64.manylinux_2_17_x86_64.whl.metadata (113 kB)
Collecting kiwisolver>=1.3.1 (from matplotlib)
  Downloading kiwisolver-1.4.7-cp39-cp39-manylinux_2_12_x86_64.manylinux2010_x86_64.whl.metadata (6.3 kB)
Collecting pyparsing>=2.3.1 (from matplotlib)
  Using cached pyparsing-3.3.2-py3-none-any.whl.metadata (5.8 kB)
Collecting python-dateutil>=2.7 (from matplotlib)
  Using cached python_dateutil-2.9.0.post0-py2.py3-none-any.whl.metadata (8.4 kB)
Collecting importlib-resources>=3.2.0 (from matplotlib)
  Using cached importlib_resources-6.5.2-py3-none-any.whl.metadata (3.9 kB)
Collecting plotly>=5.0.0 (from dash>=2.6.0->open3d)
  Downloading plotly-7.1.0-py3-none-any.whl.metadata (8.8 kB)
Collecting importlib-metadata (from dash>=2.6.0->open3d)
  Using cached importlib_metadata-8.7.1-py3-none-any.whl.metadata (4.7 kB)
Collecting retrying (from dash>=2.6.0->open3d)
  Using cached retrying-1.4.2-py3-none-any.whl.metadata (5.5 kB)
Collecting nest-asyncio (from dash>=2.6.0->open3d)
  Using cached nest_asyncio-1.6.0-py3-none-any.whl.metadata (2.8 kB)
Requirement already satisfied: setuptools in /data1_ycao/chua/miniforge3/envs/endodac/lib/python3.9/site-packages (from dash>=2.6.0->open3d) (80.9.0)
Collecting janus>=1.0.0 (from dash>=2.6.0->open3d)
  Downloading janus-2.0.0-py3-none-any.whl.metadata (5.3 kB)
Collecting pydantic>=2.10 (from dash>=2.6.0->open3d)
  Downloading pydantic-2.13.5-py3-none-any.whl.metadata (110 kB)
Collecting comm (from dash>=2.6.0->open3d)
  Using cached comm-0.2.3-py3-none-any.whl.metadata (3.7 kB)
Collecting blinker>=1.9.0 (from flask>=3.0.0->open3d)
  Using cached blinker-1.9.0-py3-none-any.whl.metadata (1.6 kB)
Collecting click>=8.1.3 (from flask>=3.0.0->open3d)
  Using cached click-8.1.8-py3-none-any.whl.metadata (2.3 kB)
Collecting itsdangerous>=2.2.0 (from flask>=3.0.0->open3d)
  Using cached itsdangerous-2.2.0-py3-none-any.whl.metadata (1.9 kB)
Collecting markupsafe>=2.1.1 (from flask>=3.0.0->open3d)
  Downloading markupsafe-3.0.3-cp39-cp39-manylinux2014_x86_64.manylinux_2_17_x86_64.manylinux_2_28_x86_64.whl.metadata (2.7 kB)
Collecting zipp>=3.20 (from importlib-metadata->dash>=2.6.0->open3d)
  Downloading zipp-3.23.1-py3-none-any.whl.metadata (3.6 kB)
Collecting ipython>=6.1.0 (from ipywidgets>=8.0.4->open3d)
  Downloading ipython-8.18.1-py3-none-any.whl.metadata (6.0 kB)
Collecting traitlets>=4.3.1 (from ipywidgets>=8.0.4->open3d)
  Downloading traitlets-5.15.1-py3-none-any.whl.metadata (10 kB)
Collecting widgetsnbextension~=4.0.16 (from ipywidgets>=8.0.4->open3d)
  Downloading widgetsnbextension-4.0.16-py3-none-any.whl.metadata (1.6 kB)
Collecting jupyterlab_widgets~=3.0.17 (from ipywidgets>=8.0.4->open3d)
  Downloading jupyterlab_widgets-3.0.17-py3-none-any.whl.metadata (20 kB)
Collecting decorator (from ipython>=6.1.0->ipywidgets>=8.0.4->open3d)
  Downloading decorator-5.3.1-py3-none-any.whl.metadata (3.9 kB)
Collecting jedi>=0.16 (from ipython>=6.1.0->ipywidgets>=8.0.4->open3d)
  Using cached jedi-0.19.2-py2.py3-none-any.whl.metadata (22 kB)
Collecting matplotlib-inline (from ipython>=6.1.0->ipywidgets>=8.0.4->open3d)
  Downloading matplotlib_inline-0.2.2-py3-none-any.whl.metadata (2.4 kB)
Collecting prompt-toolkit<3.1.0,>=3.0.41 (from ipython>=6.1.0->ipywidgets>=8.0.4->open3d)
  Using cached prompt_toolkit-3.0.52-py3-none-any.whl.metadata (6.4 kB)
Collecting pygments>=2.4.0 (from ipython>=6.1.0->ipywidgets>=8.0.4->open3d)
  Using cached pygments-2.21.0-py3-none-any.whl.metadata (2.5 kB)
Collecting stack-data (from ipython>=6.1.0->ipywidgets>=8.0.4->open3d)
  Using cached stack_data-0.6.3-py3-none-any.whl.metadata (18 kB)
Collecting exceptiongroup (from ipython>=6.1.0->ipywidgets>=8.0.4->open3d)
  Using cached exceptiongroup-1.3.1-py3-none-any.whl.metadata (6.7 kB)
Collecting pexpect>4.3 (from ipython>=6.1.0->ipywidgets>=8.0.4->open3d)
  Using cached pexpect-4.9.0-py2.py3-none-any.whl.metadata (2.5 kB)
Collecting wcwidth (from prompt-toolkit<3.1.0,>=3.0.41->ipython>=6.1.0->ipywidgets>=8.0.4->open3d)
  Downloading wcwidth-0.8.4-py3-none-any.whl.metadata (23 kB)
Collecting parso<0.9.0,>=0.8.4 (from jedi>=0.16->ipython>=6.1.0->ipywidgets>=8.0.4->open3d)
  Downloading parso-0.8.7-py2.py3-none-any.whl.metadata (8.2 kB)
Collecting fastjsonschema>=2.15 (from nbformat>=5.7.0->open3d)
  Using cached fastjsonschema-2.21.2-py3-none-any.whl.metadata (2.3 kB)
Collecting jsonschema>=2.6 (from nbformat>=5.7.0->open3d)
  Using cached jsonschema-4.25.1-py3-none-any.whl.metadata (7.6 kB)
Collecting jupyter-core!=5.0.*,>=4.12 (from nbformat>=5.7.0->open3d)
  Using cached jupyter_core-5.8.1-py3-none-any.whl.metadata (1.6 kB)
Collecting attrs>=22.2.0 (from jsonschema>=2.6->nbformat>=5.7.0->open3d)
  Using cached attrs-26.1.0-py3-none-any.whl.metadata (8.8 kB)
Collecting jsonschema-specifications>=2023.03.6 (from jsonschema>=2.6->nbformat>=5.7.0->open3d)
  Using cached jsonschema_specifications-2025.9.1-py3-none-any.whl.metadata (2.9 kB)
Collecting referencing>=0.28.4 (from jsonschema>=2.6->nbformat>=5.7.0->open3d)
  Downloading referencing-0.36.2-py3-none-any.whl.metadata (2.8 kB)
Collecting rpds-py>=0.7.1 (from jsonschema>=2.6->nbformat>=5.7.0->open3d)
  Downloading rpds_py-0.27.1-cp39-cp39-manylinux_2_17_x86_64.manylinux2014_x86_64.whl.metadata (4.2 kB)
Collecting platformdirs>=2.5 (from jupyter-core!=5.0.*,>=4.12->nbformat>=5.7.0->open3d)
  Downloading platformdirs-4.4.0-py3-none-any.whl.metadata (12 kB)
Collecting pytz>=2020.1 (from pandas>=1.0->open3d)
  Downloading pytz-2026.3.post1-py2.py3-none-any.whl.metadata (22 kB)
Collecting tzdata>=2022.7 (from pandas>=1.0->open3d)
  Downloading tzdata-2026.4-py2.py3-none-any.whl.metadata (1.4 kB)
Collecting ptyprocess>=0.5 (from pexpect>4.3->ipython>=6.1.0->ipywidgets>=8.0.4->open3d)
  Using cached ptyprocess-0.7.0-py2.py3-none-any.whl.metadata (1.3 kB)
Collecting narwhals>=1.15.1 (from plotly>=5.0.0->dash>=2.6.0->open3d)
  Downloading narwhals-2.21.0-py3-none-any.whl.metadata (16 kB)
Collecting annotated-types>=0.6.0 (from pydantic>=2.10->dash>=2.6.0->open3d)
  Using cached annotated_types-0.7.0-py3-none-any.whl.metadata (15 kB)
Collecting pydantic-core==2.46.5 (from pydantic>=2.10->dash>=2.6.0->open3d)
  Downloading pydantic_core-2.46.5-cp39-cp39-manylinux_2_17_x86_64.manylinux2014_x86_64.whl.metadata (6.6 kB)
Collecting typing-inspection>=0.4.2 (from pydantic>=2.10->dash>=2.6.0->open3d)
  Using cached typing_inspection-0.4.2-py3-none-any.whl.metadata (2.6 kB)
Collecting six>=1.5 (from python-dateutil>=2.7->matplotlib)
  Using cached six-1.17.0-py2.py3-none-any.whl.metadata (1.7 kB)
Collecting joblib>=1.2.0 (from scikit-learn>=0.21->open3d)
  Using cached joblib-1.5.3-py3-none-any.whl.metadata (5.5 kB)
Collecting threadpoolctl>=3.1.0 (from scikit-learn>=0.21->open3d)
  Downloading threadpoolctl-3.7.0-py3-none-any.whl.metadata (24 kB)
Collecting charset_normalizer<4,>=2 (from requests->torchvision==0.15.0)
  Downloading charset_normalizer-3.5.1-cp39-cp39-manylinux2014_x86_64.manylinux_2_17_x86_64.manylinux_2_28_x86_64.whl.metadata (45 kB)
Collecting idna<4,>=2.5 (from requests->torchvision==0.15.0)
  Downloading idna-3.20-py3-none-any.whl.metadata (7.2 kB)
Collecting urllib3<3,>=1.21.1 (from requests->torchvision==0.15.0)
  Using cached urllib3-2.6.3-py3-none-any.whl.metadata (6.9 kB)
Collecting certifi>=2017.4.17 (from requests->torchvision==0.15.0)
  Downloading certifi-2026.7.22-py3-none-any.whl.metadata (2.5 kB)
Collecting executing>=1.2.0 (from stack-data->ipython>=6.1.0->ipywidgets>=8.0.4->open3d)
  Using cached executing-2.2.1-py2.py3-none-any.whl.metadata (8.9 kB)
Collecting asttokens>=2.1.0 (from stack-data->ipython>=6.1.0->ipywidgets>=8.0.4->open3d)
  Downloading asttokens-3.0.2-py3-none-any.whl.metadata (5.7 kB)
Collecting pure-eval (from stack-data->ipython>=6.1.0->ipywidgets>=8.0.4->open3d)
  Downloading pure_eval-0.2.4-py3-none-any.whl.metadata (6.4 kB)
Collecting mpmath<1.4,>=1.1.0 (from sympy->torch==2.0.0)
  Using cached mpmath-1.3.0-py3-none-any.whl.metadata (8.6 kB)
Collecting mypy-extensions>=0.3.0 (from typing-inspect->pyre-extensions==0.0.23->xformers==0.0.18)
  Using cached mypy_extensions-1.1.0-py3-none-any.whl.metadata (1.1 kB)
Downloading torchmetrics-0.10.3-py3-none-any.whl (529 kB)
   ━━━━━━━━━━━━━━━━━━━━━━━━━━━━━━━━━━━━━━━━ 529.7/529.7 kB 8.9 MB/s  0:00:00
Downloading xformers-0.0.18-cp39-cp39-manylinux2014_x86_64.whl (123.8 MB)
   ━━━━━━━━━━━━━━━━━━━━━━━━━━━━━━━━━━━━━━━━ 123.8/123.8 MB 50.4 MB/s  0:00:02
Downloading pyre_extensions-0.0.23-py3-none-any.whl (11 kB)
Downloading omegaconf-2.3.1-py3-none-any.whl (79 kB)
Using cached tensorboardx-2.6.5-py3-none-any.whl (87 kB)
Downloading tqdm-4.70.1-py3-none-any.whl (80 kB)
Downloading opencv_python-5.0.0.93-cp37-abi3-manylinux_2_28_x86_64.whl (73.8 MB)
   ━━━━━━━━━━━━━━━━━━━━━━━━━━━━━━━━━━━━━━━━ 73.8/73.8 MB 38.5 MB/s  0:00:01
Downloading open3d-0.19.0-cp39-cp39-manylinux_2_31_x86_64.whl (447.7 MB)
   ━━━━━━━━━━━━━━━━━━━━━━━━━━━━━━━━━━━━━━━━ 447.7/447.7 MB 36.8 MB/s  0:00:08
Downloading scikit_image-0.24.0-cp39-cp39-manylinux_2_17_x86_64.manylinux2014_x86_64.whl (14.9 MB)
   ━━━━━━━━━━━━━━━━━━━━━━━━━━━━━━━━━━━━━━━━ 14.9/14.9 MB 41.6 MB/s  0:00:00
Downloading scipy-1.13.1-cp39-cp39-manylinux_2_17_x86_64.manylinux2014_x86_64.whl (38.6 MB)
   ━━━━━━━━━━━━━━━━━━━━━━━━━━━━━━━━━━━━━━━━ 38.6/38.6 MB 44.4 MB/s  0:00:00
Downloading numpy-2.0.2-cp39-cp39-manylinux_2_17_x86_64.manylinux2014_x86_64.whl (19.5 MB)
   ━━━━━━━━━━━━━━━━━━━━━━━━━━━━━━━━━━━━━━━━ 19.5/19.5 MB 40.0 MB/s  0:00:00
Downloading matplotlib-3.9.4-cp39-cp39-manylinux_2_17_x86_64.manylinux2014_x86_64.whl (8.3 MB)
   ━━━━━━━━━━━━━━━━━━━━━━━━━━━━━━━━━━━━━━━━ 8.3/8.3 MB 40.3 MB/s  0:00:00
Downloading pillow-11.3.0-cp39-cp39-manylinux_2_27_x86_64.manylinux_2_28_x86_64.whl (6.6 MB)
   ━━━━━━━━━━━━━━━━━━━━━━━━━━━━━━━━━━━━━━━━ 6.6/6.6 MB 37.1 MB/s  0:00:00
Downloading contourpy-1.3.0-cp39-cp39-manylinux_2_17_x86_64.manylinux2014_x86_64.whl (321 kB)
Using cached cycler-0.12.1-py3-none-any.whl (8.3 kB)
Downloading dash-4.4.1-py3-none-any.whl (8.9 MB)
   ━━━━━━━━━━━━━━━━━━━━━━━━━━━━━━━━━━━━━━━━ 8.9/8.9 MB 39.4 MB/s  0:00:00
Downloading flask-3.1.3-py3-none-any.whl (103 kB)
Downloading werkzeug-3.1.8-py3-none-any.whl (226 kB)
Using cached blinker-1.9.0-py3-none-any.whl (8.5 kB)
Using cached click-8.1.8-py3-none-any.whl (98 kB)
Downloading fonttools-4.60.2-cp39-cp39-manylinux2014_x86_64.manylinux_2_17_x86_64.whl (4.8 MB)
   ━━━━━━━━━━━━━━━━━━━━━━━━━━━━━━━━━━━━━━━━ 4.8/4.8 MB 34.8 MB/s  0:00:00
Using cached imageio-2.37.2-py3-none-any.whl (317 kB)
Using cached importlib_metadata-8.7.1-py3-none-any.whl (27 kB)
Using cached importlib_resources-6.5.2-py3-none-any.whl (37 kB)
Downloading ipywidgets-8.1.9-py3-none-any.whl (140 kB)
Downloading jupyterlab_widgets-3.0.17-py3-none-any.whl (217 kB)
Downloading widgetsnbextension-4.0.16-py3-none-any.whl (2.2 MB)
   ━━━━━━━━━━━━━━━━━━━━━━━━━━━━━━━━━━━━━━━━ 2.2/2.2 MB 31.5 MB/s  0:00:00
Using cached comm-0.2.3-py3-none-any.whl (7.3 kB)
Downloading ipython-8.18.1-py3-none-any.whl (808 kB)
   ━━━━━━━━━━━━━━━━━━━━━━━━━━━━━━━━━━━━━━━━ 808.2/808.2 kB 12.5 MB/s  0:00:00
Using cached prompt_toolkit-3.0.52-py3-none-any.whl (391 kB)
Using cached itsdangerous-2.2.0-py3-none-any.whl (16 kB)
Downloading janus-2.0.0-py3-none-any.whl (12 kB)
Using cached jedi-0.19.2-py2.py3-none-any.whl (1.6 MB)
Downloading parso-0.8.7-py2.py3-none-any.whl (107 kB)
Using cached https://download.pytorch.org/whl/jinja2-3.1.6-py3-none-any.whl (134 kB)
Downloading kiwisolver-1.4.7-cp39-cp39-manylinux_2_12_x86_64.manylinux2010_x86_64.whl (1.6 MB)
   ━━━━━━━━━━━━━━━━━━━━━━━━━━━━━━━━━━━━━━━━ 1.6/1.6 MB 19.2 MB/s  0:00:00
Using cached lazy_loader-0.5-py3-none-any.whl (8.0 kB)
Downloading markupsafe-3.0.3-cp39-cp39-manylinux2014_x86_64.manylinux_2_17_x86_64.manylinux_2_28_x86_64.whl (20 kB)
Using cached nbformat-5.10.4-py3-none-any.whl (78 kB)
Using cached fastjsonschema-2.21.2-py3-none-any.whl (24 kB)
Using cached jsonschema-4.25.1-py3-none-any.whl (90 kB)
Using cached attrs-26.1.0-py3-none-any.whl (67 kB)
Using cached jsonschema_specifications-2025.9.1-py3-none-any.whl (18 kB)
Using cached jupyter_core-5.8.1-py3-none-any.whl (28 kB)
Downloading networkx-3.2.1-py3-none-any.whl (1.6 MB)
   ━━━━━━━━━━━━━━━━━━━━━━━━━━━━━━━━━━━━━━━━ 1.6/1.6 MB 22.2 MB/s  0:00:00
Using cached packaging-26.3-py3-none-any.whl (129 kB)
Downloading pandas-2.3.3-cp39-cp39-manylinux_2_24_x86_64.manylinux_2_28_x86_64.whl (12.8 MB)
   ━━━━━━━━━━━━━━━━━━━━━━━━━━━━━━━━━━━━━━━━ 12.8/12.8 MB 31.7 MB/s  0:00:00
Using cached pexpect-4.9.0-py2.py3-none-any.whl (63 kB)
Downloading platformdirs-4.4.0-py3-none-any.whl (18 kB)
Downloading plotly-7.1.0-py3-none-any.whl (9.7 MB)
   ━━━━━━━━━━━━━━━━━━━━━━━━━━━━━━━━━━━━━━━━ 9.7/9.7 MB 40.0 MB/s  0:00:00
Downloading narwhals-2.21.0-py3-none-any.whl (451 kB)
Using cached protobuf-6.33.6-cp39-abi3-manylinux2014_x86_64.whl (323 kB)
Using cached ptyprocess-0.7.0-py2.py3-none-any.whl (13 kB)
Downloading pydantic-2.13.5-py3-none-any.whl (472 kB)
Downloading pydantic_core-2.46.5-cp39-cp39-manylinux_2_17_x86_64.manylinux2014_x86_64.whl (2.1 MB)
   ━━━━━━━━━━━━━━━━━━━━━━━━━━━━━━━━━━━━━━━━ 2.1/2.1 MB 29.6 MB/s  0:00:00
Using cached annotated_types-0.7.0-py3-none-any.whl (13 kB)
Using cached pygments-2.21.0-py3-none-any.whl (1.3 MB)
Using cached pyparsing-3.3.2-py3-none-any.whl (122 kB)
Using cached python_dateutil-2.9.0.post0-py2.py3-none-any.whl (229 kB)
Downloading pytz-2026.3.post1-py2.py3-none-any.whl (508 kB)
Downloading pyyaml-6.0.3-cp39-cp39-manylinux2014_x86_64.manylinux_2_17_x86_64.manylinux_2_28_x86_64.whl (750 kB)
   ━━━━━━━━━━━━━━━━━━━━━━━━━━━━━━━━━━━━━━━━ 750.8/750.8 kB 14.6 MB/s  0:00:00
Downloading referencing-0.36.2-py3-none-any.whl (26 kB)
Downloading rpds_py-0.27.1-cp39-cp39-manylinux_2_17_x86_64.manylinux2014_x86_64.whl (384 kB)
Downloading scikit_learn-1.6.1-cp39-cp39-manylinux_2_17_x86_64.manylinux2014_x86_64.whl (13.5 MB)
   ━━━━━━━━━━━━━━━━━━━━━━━━━━━━━━━━━━━━━━━━ 13.5/13.5 MB 42.0 MB/s  0:00:00
Using cached joblib-1.5.3-py3-none-any.whl (309 kB)
Using cached six-1.17.0-py2.py3-none-any.whl (11 kB)
Downloading termcolor-3.1.0-py3-none-any.whl (7.7 kB)
Downloading threadpoolctl-3.7.0-py3-none-any.whl (26 kB)
Downloading tifffile-2024.8.30-py3-none-any.whl (227 kB)
Downloading traitlets-5.15.1-py3-none-any.whl (85 kB)
Downloading typing_extensions-4.16.0-py3-none-any.whl (45 kB)
Using cached typing_inspection-0.4.2-py3-none-any.whl (14 kB)
Downloading tzdata-2026.4-py2.py3-none-any.whl (347 kB)
Downloading yacs-0.1.8-py3-none-any.whl (14 kB)
Downloading zipp-3.23.1-py3-none-any.whl (10 kB)
Using cached addict-2.4.0-py3-none-any.whl (3.8 kB)
Downloading cmake-4.4.3-py3-none-manylinux2014_x86_64.manylinux_2_17_x86_64.whl (30.2 MB)
   ━━━━━━━━━━━━━━━━━━━━━━━━━━━━━━━━━━━━━━━━ 30.2/30.2 MB 45.1 MB/s  0:00:00
Downloading configargparse-1.7.7-py3-none-any.whl (34 kB)
Downloading decorator-5.3.1-py3-none-any.whl (10 kB)
Using cached exceptiongroup-1.3.1-py3-none-any.whl (16 kB)
Downloading filelock-3.19.1-py3-none-any.whl (15 kB)
Downloading lit-23.1.1-py3-none-any.whl (111 kB)
Downloading matplotlib_inline-0.2.2-py3-none-any.whl (9.5 kB)
Using cached nest_asyncio-1.6.0-py3-none-any.whl (5.2 kB)
Using cached portalocker-3.2.0-py3-none-any.whl (22 kB)
Using cached pyquaternion-0.9.9-py3-none-any.whl (14 kB)
Using cached requests-2.32.5-py3-none-any.whl (64 kB)
Downloading charset_normalizer-3.5.1-cp39-cp39-manylinux2014_x86_64.manylinux_2_17_x86_64.manylinux_2_28_x86_64.whl (262 kB)
Downloading idna-3.20-py3-none-any.whl (69 kB)
Using cached urllib3-2.6.3-py3-none-any.whl (131 kB)
Downloading certifi-2026.7.22-py3-none-any.whl (136 kB)
Using cached retrying-1.4.2-py3-none-any.whl (10 kB)
Using cached stack_data-0.6.3-py3-none-any.whl (24 kB)
Downloading asttokens-3.0.2-py3-none-any.whl (28 kB)
Using cached executing-2.2.1-py2.py3-none-any.whl (28 kB)
Downloading pure_eval-0.2.4-py3-none-any.whl (11 kB)
Using cached sympy-1.14.0-py3-none-any.whl (6.3 MB)
Using cached mpmath-1.3.0-py3-none-any.whl (536 kB)
Downloading tabulate-0.9.0-py3-none-any.whl (35 kB)
Using cached mypy_extensions-1.1.0-py3-none-any.whl (5.0 kB)
Downloading wcwidth-0.8.4-py3-none-any.whl (299 kB)
Building wheels for collected packages: antlr4-python3-runtime, fvcore, iopath
  DEPRECATION: Building 'antlr4-python3-runtime' using the legacy setup.py bdist_wheel mechanism, which will be removed in a future version. pip 25.3 will enforce this behaviour change. A possible replacement is to use the standardized build interface by setting the `--use-pep517` option, (possibly combined with `--no-build-isolation`), or adding a `pyproject.toml` file to the source tree of 'antlr4-python3-runtime'. Discussion can be found at https://github.com/pypa/pip/issues/6334
  Building wheel for antlr4-python3-runtime (setup.py): started
  Building wheel for antlr4-python3-runtime (setup.py): finished with status 'done'
  Created wheel for antlr4-python3-runtime: filename=antlr4_python3_runtime-4.9.3-py3-none-any.whl size=144591 sha256=8ddc4c51a420b0392d4756d6840908a0b09d0220bd95390f3340a9a6f94391cf
  Stored in directory: /home/grad/doc/2029/chua/.cache/pip/wheels/23/cf/80/f3efa822e6ab23277902ee9165fe772eeb1dfb8014f359020a
  DEPRECATION: Building 'fvcore' using the legacy setup.py bdist_wheel mechanism, which will be removed in a future version. pip 25.3 will enforce this behaviour change. A possible replacement is to use the standardized build interface by setting the `--use-pep517` option, (possibly combined with `--no-build-isolation`), or adding a `pyproject.toml` file to the source tree of 'fvcore'. Discussion can be found at https://github.com/pypa/pip/issues/6334
  Building wheel for fvcore (setup.py): started
  Building wheel for fvcore (setup.py): finished with status 'done'
  Created wheel for fvcore: filename=fvcore-0.1.5.post20221221-py3-none-any.whl size=61445 sha256=df065004309365fe45e6dbc3bb91524c0008e38bb386e573c91dacf19fdeabdb
  Stored in directory: /home/grad/doc/2029/chua/.cache/pip/wheels/83/42/02/66178d16e5c44dc26d309931834956baeda371956e86fbd876
  DEPRECATION: Building 'iopath' using the legacy setup.py bdist_wheel mechanism, which will be removed in a future version. pip 25.3 will enforce this behaviour change. A possible replacement is to use the standardized build interface by setting the `--use-pep517` option, (possibly combined with `--no-build-isolation`), or adding a `pyproject.toml` file to the source tree of 'iopath'. Discussion can be found at https://github.com/pypa/pip/issues/6334
  Building wheel for iopath (setup.py): started
  Building wheel for iopath (setup.py): finished with status 'done'
  Created wheel for iopath: filename=iopath-0.1.10-py3-none-any.whl size=31600 sha256=70ce89550daf15fc69b6c78adb9b55fb7b4fad8edf63d1e9a6218069a0d1a419
  Stored in directory: /home/grad/doc/2029/chua/.cache/pip/wheels/c1/13/6d/441d8f2af76ee6d2a3e67eebb1d0c556fefcee0a8b32266a8e
Successfully built antlr4-python3-runtime fvcore iopath
Installing collected packages: pytz, pure-eval, ptyprocess, mpmath, lit, fastjsonschema, antlr4-python3-runtime, addict, zipp, widgetsnbextension, wcwidth, urllib3, tzdata, typing-extensions, traitlets, tqdm, threadpoolctl, termcolor, tabulate, sympy, six, rpds-py, retrying, PyYAML, pyparsing, pygments, protobuf, portalocker, platformdirs, pillow, pexpect, parso, packaging, numpy, networkx, nest-asyncio, narwhals, mypy-extensions, markupsafe, kiwisolver, jupyterlab_widgets, joblib, janus, itsdangerous, idna, fonttools, filelock, executing, decorator, cycler, configargparse, comm, cmake, click, charset_normalizer, certifi, blinker, attrs, asttokens, annotated-types, yacs, werkzeug, typing-inspection, typing-inspect, tifffile, tensorboardX, stack-data, scipy, requests, referencing, python-dateutil, pyquaternion, pydantic-core, prompt-toolkit, plotly, opencv-python, omegaconf, matplotlib-inline, lazy-loader, jupyter-core, jinja2, jedi, iopath, importlib-resources, importlib-metadata, imageio, exceptiongroup, contourpy, scikit-learn, scikit-image, pyre-extensions, pydantic, pandas, matplotlib, jsonschema-specifications, ipython, fvcore, flask, jsonschema, ipywidgets, dash, nbformat, open3d, triton, torch, xformers, torchvision, torchmetrics

Successfully installed PyYAML-6.0.3 addict-2.4.0 annotated-types-0.7.0 antlr4-python3-runtime-4.9.3 asttokens-3.0.2 attrs-26.1.0 blinker-1.9.0 certifi-2026.7.22 charset_normalizer-3.5.1 click-8.1.8 cmake-4.4.3 comm-0.2.3 configargparse-1.7.7 contourpy-1.3.0 cycler-0.12.1 dash-4.4.1 decorator-5.3.1 exceptiongroup-1.3.1 executing-2.2.1 fastjsonschema-2.21.2 filelock-3.19.1 flask-3.1.3 fonttools-4.60.2 fvcore-0.1.5.post20221221 idna-3.20 imageio-2.37.2 importlib-metadata-8.7.1 importlib-resources-6.5.2 iopath-0.1.10 ipython-8.18.1 ipywidgets-8.1.9 itsdangerous-2.2.0 janus-2.0.0 jedi-0.19.2 jinja2-3.1.6 joblib-1.5.3 jsonschema-4.25.1 jsonschema-specifications-2025.9.1 jupyter-core-5.8.1 jupyterlab_widgets-3.0.17 kiwisolver-1.4.7 lazy-loader-0.5 lit-23.1.1 markupsafe-3.0.3 matplotlib-3.9.4 matplotlib-inline-0.2.2 mpmath-1.3.0 mypy-extensions-1.1.0 narwhals-2.21.0 nbformat-5.10.4 nest-asyncio-1.6.0 networkx-3.2.1 numpy-2.0.2 omegaconf-2.3.1 open3d-0.19.0 opencv-python-5.0.0.93 packaging-26.3 pandas-2.3.3 parso-0.8.7 pexpect-4.9.0 pillow-11.3.0 platformdirs-4.4.0 plotly-7.1.0 portalocker-3.2.0 prompt-toolkit-3.0.52 protobuf-6.33.6 ptyprocess-0.7.0 pure-eval-0.2.4 pydantic-2.13.5 pydantic-core-2.46.5 pygments-2.21.0 pyparsing-3.3.2 pyquaternion-0.9.9 pyre-extensions-0.0.23 python-dateutil-2.9.0.post0 pytz-2026.3.post1 referencing-0.36.2 requests-2.32.5 retrying-1.4.2 rpds-py-0.27.1 scikit-image-0.24.0 scikit-learn-1.6.1 scipy-1.13.1 six-1.17.0 stack-data-0.6.3 sympy-1.14.0 tabulate-0.9.0 tensorboardX-2.6.5 termcolor-3.1.0 threadpoolctl-3.7.0 tifffile-2024.8.30 torch-2.0.0+cu117 torchmetrics-0.10.3 torchvision-0.15.0+cu117 tqdm-4.70.1 traitlets-5.15.1 triton-2.0.0 typing-extensions-4.16.0 typing-inspect-0.9.0 typing-inspection-0.4.2 tzdata-2026.4 urllib3-2.6.3 wcwidth-0.8.4 werkzeug-3.1.8 widgetsnbextension-4.0.16 xformers-0.0.18 yacs-0.1.8 zipp-3.23.1
EXITCODE:0
