Channels:
 - conda-forge
Platform: linux-64
Collecting package metadata (repodata.json): ...working... done
Solving environment: ...working... done

## Package Plan ##

  environment location: /data1_ycao/chua/miniforge3/envs/mast3r-slam

  added / updated specs:
    - python=3.11


The following packages will be downloaded:

    package                    |            build
    ---------------------------|-----------------
    libexpat-2.8.5             |       hd2095e1_0          76 KB  conda-forge
    libgcc-16.2.0              |       ha9f2e26_7         1.0 MB  conda-forge
    libgomp-16.2.0             |       he0feb66_7         626 KB  conda-forge
    libpython-3.11.16          |h0c77377_2_cpython         7.5 MB  conda-forge
    libstdcxx-16.2.0           |       h934c35e_7         6.3 MB  conda-forge
    libuuid-2.42.4             |       hcfc3c73_0          34 KB  conda-forge
    packaging-26.3             |     pyhc364b38_0         114 KB  conda-forge
    pip-26.2.1                 |     pyh8b19718_0         1.1 MB  conda-forge
    python-3.11.16             |h5f976f7_2_cpython        22.1 MB  conda-forge
    setuptools-84.0.0          |     pyh332efcf_0         512 KB  conda-forge
    wheel-0.48.0               |     pyhd8ed1ab_0          34 KB  conda-forge
    ------------------------------------------------------------
                                           Total:        39.4 MB

The following NEW packages will be INSTALLED:

  _openmp_mutex      conda-forge/linux-64::_openmp_mutex-4.5-20_gnu 
  bzip2              conda-forge/linux-64::bzip2-1.0.8-hda65f42_10 
  ca-certificates    conda-forge/noarch::ca-certificates-2026.7.22-hbd8a1cb_0 
  icu                conda-forge/linux-64::icu-78.3-py310h44b86e0_2 
  ld_impl_linux-64   conda-forge/linux-64::ld_impl_linux-64-2.46.1-default_hbd61a6d_102 
  libexpat           conda-forge/linux-64::libexpat-2.8.5-hd2095e1_0 
  libffi             conda-forge/linux-64::libffi-3.7.0-h81df57d_1 
  libgcc             conda-forge/linux-64::libgcc-16.2.0-ha9f2e26_7 
  libgomp            conda-forge/linux-64::libgomp-16.2.0-he0feb66_7 
  liblzma            conda-forge/linux-64::liblzma-5.8.3-hb03c661_1 
  libnsl             conda-forge/linux-64::libnsl-2.0.1-hb9d3cd8_1 
  libpython          conda-forge/linux-64::libpython-3.11.16-h0c77377_2_cpython 
  libsqlite          conda-forge/linux-64::libsqlite-3.53.4-h13e7031_1 
  libstdcxx          conda-forge/linux-64::libstdcxx-16.2.0-h934c35e_7 
  libuuid            conda-forge/linux-64::libuuid-2.42.4-hcfc3c73_0 
  libxcrypt          conda-forge/linux-64::libxcrypt-4.4.38-h280c20c_0 
  libzlib            conda-forge/linux-64::libzlib-1.3.2-h25fd6f3_3 
  ncurses            conda-forge/linux-64::ncurses-6.6-hdb14827_1 
  openssl            conda-forge/linux-64::openssl-3.6.4-h781a0a9_0 
  packaging          conda-forge/noarch::packaging-26.3-pyhc364b38_0 
  pip                conda-forge/noarch::pip-26.2.1-pyh8b19718_0 
  python             conda-forge/linux-64::python-3.11.16-h5f976f7_2_cpython 
  readline           conda-forge/linux-64::readline-8.3-hd6e31c0_1 
  setuptools         conda-forge/noarch::setuptools-84.0.0-pyh332efcf_0 
  tk                 conda-forge/linux-64::tk-8.6.13-noxft_h1df4ec4_4 
  tzdata             conda-forge/noarch::tzdata-2026c-h151e31d_0 
  wheel              conda-forge/noarch::wheel-0.48.0-pyhd8ed1ab_0 
  zstd               conda-forge/linux-64::zstd-1.5.7-hb78ec9c_7 



Downloading and Extracting Packages: ...working... done
Preparing transaction: ...working... done
Verifying transaction: ...working... done
Executing transaction: ...working... WARNING conda.conda_pypi.main:notify_conda_pypi_tip(158): 
  Did you know? You can install many PyPI packages with conda
  using the conda-pypi beta. Get started:
    https://docs.conda.io/projects/conda/en/stable/new-features.html

done
#
# To activate this environment, use
#
#     $ conda activate mast3r-slam
#
# To deactivate an active environment, use
#
#     $ conda deactivate

Channels:
 - conda-forge
Platform: linux-64
Collecting package metadata (repodata.json): ...working... done
Solving environment: ...working... done

## Package Plan ##

  environment location: /data1_ycao/chua/miniforge3/envs/mast3r-slam

  added / updated specs:
    - python=3.11


The following NEW packages will be INSTALLED:

  _openmp_mutex      conda-forge/linux-64::_openmp_mutex-4.5-20_gnu 
  bzip2              conda-forge/linux-64::bzip2-1.0.8-hda65f42_10 
  ca-certificates    conda-forge/noarch::ca-certificates-2026.7.22-hbd8a1cb_0 
  icu                conda-forge/linux-64::icu-78.3-py310h44b86e0_2 
  ld_impl_linux-64   conda-forge/linux-64::ld_impl_linux-64-2.46.1-default_hbd61a6d_102 
  libexpat           conda-forge/linux-64::libexpat-2.8.5-hd2095e1_0 
  libffi             conda-forge/linux-64::libffi-3.7.0-h81df57d_1 
  libgcc             conda-forge/linux-64::libgcc-16.2.0-ha9f2e26_7 
  libgomp            conda-forge/linux-64::libgomp-16.2.0-he0feb66_7 
  liblzma            conda-forge/linux-64::liblzma-5.8.3-hb03c661_1 
  libnsl             conda-forge/linux-64::libnsl-2.0.1-hb9d3cd8_1 
  libpython          conda-forge/linux-64::libpython-3.11.16-h0c77377_2_cpython 
  libsqlite          conda-forge/linux-64::libsqlite-3.53.4-h13e7031_1 
  libstdcxx          conda-forge/linux-64::libstdcxx-16.2.0-h934c35e_7 
  libuuid            conda-forge/linux-64::libuuid-2.42.4-hcfc3c73_0 
  libxcrypt          conda-forge/linux-64::libxcrypt-4.4.38-h280c20c_0 
  libzlib            conda-forge/linux-64::libzlib-1.3.2-h25fd6f3_3 
  ncurses            conda-forge/linux-64::ncurses-6.6-hdb14827_1 
  openssl            conda-forge/linux-64::openssl-3.6.4-h781a0a9_0 
  packaging          conda-forge/noarch::packaging-26.3-pyhc364b38_0 
  pip                conda-forge/noarch::pip-26.2.1-pyh8b19718_0 
  python             conda-forge/linux-64::python-3.11.16-h5f976f7_2_cpython 
  readline           conda-forge/linux-64::readline-8.3-hd6e31c0_1 
  setuptools         conda-forge/noarch::setuptools-84.0.0-pyh332efcf_0 
  tk                 conda-forge/linux-64::tk-8.6.13-noxft_h1df4ec4_4 
  tzdata             conda-forge/noarch::tzdata-2026c-h151e31d_0 
  wheel              conda-forge/noarch::wheel-0.48.0-pyhd8ed1ab_0 
  zstd               conda-forge/linux-64::zstd-1.5.7-hb78ec9c_7 



Downloading and Extracting Packages: ...working... done
Preparing transaction: ...working... done
Verifying transaction: ...working... done
Executing transaction: ...working... WARNING conda.conda_pypi.main:notify_conda_pypi_tip(158): 
  Did you know? You can install many PyPI packages with conda
  using the conda-pypi beta. Get started:
    https://docs.conda.io/projects/conda/en/stable/new-features.html

done
#
# To activate this environment, use
#
#     $ conda activate mast3r-slam
#
# To deactivate an active environment, use
#
#     $ conda deactivate

