/data1_ycao/chua/projects/mrsp/scratch/mast3r_slam/c1_cecum_t1_v1
{'use_calib': False, 'single_thread': False, 'dataset': {'subsample': 1, 'img_downsample': 1, 'center_principle_point': True}, 'matching': {'max_iter': 10, 'lambda_init': 1e-08, 'convergence_thresh': 1e-06, 'dist_thresh': 0.1, 'radius': 3, 'dilation_max': 5}, 'tracking': {'min_match_frac': 0.05, 'max_iters': 50, 'C_conf': 0.0, 'Q_conf': 1.5, 'rel_error': 0.001, 'delta_norm': 0.001, 'huber': 1.345, 'match_frac_thresh': 0.333, 'sigma_ray': 0.003, 'sigma_dist': 10.0, 'sigma_pixel': 1.0, 'sigma_depth': 10.0, 'sigma_point': 0.05, 'pixel_border': -10, 'depth_eps': 1e-06, 'filtering_mode': 'weighted_pointmap', 'filtering_score': 'median'}, 'local_opt': {'pin': 1, 'window_size': 1000000.0, 'C_conf': 0.0, 'Q_conf': 1.5, 'min_match_frac': 0.1, 'pixel_border': -10, 'depth_eps': 1e-06, 'max_iters': 10, 'sigma_ray': 0.003, 'sigma_dist': 10.0, 'sigma_pixel': 1.0, 'sigma_depth': 10.0, 'sigma_point': 0.05, 'delta_norm': 1e-08, 'use_cuda': True}, 'retrieval': {'k': 3, 'min_thresh': 0.005}, 'reloc': {'min_match_frac': 0.3, 'strict': True}}
... loading model from checkpoints/MASt3R_ViTLarge_BaseDecoder_512_catmlpdpt_metric.pth
instantiating : AsymmetricMASt3R(enc_depth=24, dec_depth=12, enc_embed_dim=1024, dec_embed_dim=768, enc_num_heads=16, dec_num_heads=12, pos_embed='RoPE100',img_size=(512, 512), head_type='catmlp+dpt', output_mode='pts3d+desc24', depth_mode=('exp', -inf, inf), conf_mode=('exp', 1, inf), patch_embed_cls='PatchEmbedDust3R', two_confs=True, desc_conf_mode=('exp', 0, inf), landscape_only=False)
<All keys matched successfully>
Loading retrieval model from checkpoints/MASt3R_ViTLarge_BaseDecoder_512_catmlpdpt_metric_retrieval_trainingfree.pth
Database retrieval 2 :  {0}
Database retrieval 3 :  {0, 1}
Database retrieval 4 :  {1, 2}
Database retrieval 5 :  {2, 3}
Database retrieval 6 :  {3, 4}
Database retrieval 7 :  {3, 5}
Database retrieval 8 :  {5, 6}
Database retrieval 9 :  {5, 7}
Database retrieval 10 :  {0, 1}
Database retrieval 11 :  {0, 1}
Database retrieval 12 :  {0, 1}
Database retrieval 13 :  {0, 2}
Database retrieval 14 :  {3, 12}
Database retrieval 15 :  {3, 13}
Database retrieval 16 :  {8, 6, 7}
Database retrieval 17 :  {8, 9, 15}
Database retrieval 18 :  {10, 9}
Database retrieval 19 :  {0, 10, 11}
FPS: 5.0609447305013004
FPS: 5.364536855037352
FPS: 5.5036235685853265
FPS: 5.592341456366476
FPS: 5.607590888841325
FPS: 5.652096877249662
FPS: 5.745745640615523
done
