/data1_ycao/chua/projects/mrsp/scratch/pipelines/MASt3R-SLAM/thirdparty/mast3r/mast3r/model.py:24: FutureWarning: You are using `torch.load` with `weights_only=False` (the current default value), which uses the default pickle module implicitly. It is possible to construct malicious pickle data which will execute arbitrary code during unpickling (See https://github.com/pytorch/pytorch/blob/main/SECURITY.md#untrusted-models for more details). In a future release, the default value for `weights_only` will be flipped to `True`. This limits the functions that could be executed during unpickling. Arbitrary objects will no longer be allowed to be loaded via this mode unless they are explicitly allowlisted by the user via `torch.serialization.add_safe_globals`. We recommend you start setting `weights_only=True` for any use case where you don't have full control of the loaded file. Please open an issue on GitHub for any issues related to this experimental feature.
  ckpt = torch.load(model_path, map_location='cpu')
/data1_ycao/chua/projects/mrsp/scratch/pipelines/MASt3R-SLAM/mast3r_slam/frame.py:116: UserWarning: The given NumPy array is not writable, and PyTorch does not support non-writable tensors. This means writing to this tensor will result in undefined behavior. You may want to copy the array to protect its data or make it writable before converting it to a tensor. This type of warning will be suppressed for the rest of this program. (Triggered internally at ../torch/csrc/utils/tensor_numpy.cpp:206.)
  uimg = torch.from_numpy(img["unnormalized_img"]) / 255.0
vignette convention (confirmed by reading src/eval/evaluable.py, not modified):
{
  "file": "src/eval/evaluable.py",
  "load_vignette_mask_docstring": "True = vignette (non-evaluable)",
  "evaluable_pixel_mask_formula": "hit & ~vignette_mask & (d_hit <= MAX_HIT_DISTANCE_MM)",
  "conclusion": "True = vignette/invalid (black border); False = valid/imaged. Evaluable candidates are the ~vignette_mask (False) population."
}

corrected crop fraction (valid pixels):
{
  "n_vignette_pixels_true_invalid": 102049,
  "n_valid_pixels_false_population": 1355951,
  "n_valid_pixels_total_check": 1355951,
  "n_valid_pixels_uncovered_by_model_grid": 28898,
  "fraction_valid_pixels_no_depth_from_cropping": 0.02131197956268331
}
... loading model from checkpoints/MASt3R_ViTLarge_BaseDecoder_512_catmlpdpt_metric.pth
instantiating : AsymmetricMASt3R(enc_depth=24, dec_depth=12, enc_embed_dim=1024, dec_embed_dim=768, enc_num_heads=16, dec_num_heads=12, pos_embed='RoPE100',img_size=(512, 512), head_type='catmlp+dpt', output_mode='pts3d+desc24', depth_mode=('exp', -inf, inf), conf_mode=('exp', 1, inf), patch_embed_cls='PatchEmbedDust3R', two_confs=True, desc_conf_mode=('exp', 0, inf), landscape_only=False)
<All keys matched successfully>

EndoDAC vs MASt3R ray-direction comparison:
{
  "mast3r_check_rerun_this_script": {
    "n_pixels_compared": 185725,
    "median_angle_deg": 19.81516624610511,
    "p95_angle_deg": 36.34504624026979,
    "mean_angle_deg": 20.26106820619176,
    "max_angle_deg": 42.489685699175595
  },
  "mast3r_check_stage2_saved": {
    "frame_index": 0,
    "n_confident_pixels": 185725,
    "n_pixels_compared_in_bounds": 185725,
    "median_angle_deg": 19.81516624610511,
    "p95_angle_deg": 36.34504624026979,
    "mean_angle_deg": 20.26106820619176,
    "max_angle_deg": 42.489685699175595
  },
  "determinism_check": {
    "stage2_saved_median_deg": 19.81516624610511,
    "this_rerun_median_deg": 19.81516624610511,
    "diff_deg": 0.0
  },
  "endodac_check": {
    "n_pixels_compared": 185725,
    "pixel_population": "MASt3R's own confident pixels (frame 0), same set both checks use",
    "median_angle_deg": 15.419505029272123,
    "p95_angle_deg": 30.6156897489074,
    "mean_angle_deg": 16.118672727332225,
    "max_angle_deg": 36.70411402218045
  }
}

wrote /data1_ycao/chua/projects/mrsp/results/pipelines/mast3r_slam_perframe/c1_cecum_t1_v1/vignette_and_endodac_ray_check.json
