[2026-09-28T14:27:06Z] dataset=/data1_ycao/chua/projects/mrsp/scratch/mast3r_slam/c1_cecum_t1_v1
[2026-09-28T14:27:06Z] config={'use_calib': False, 'single_thread': False, 'dataset': {'subsample': 1, 'img_downsample': 1, 'center_principle_point': True}, 'matching': {'max_iter': 10, 'lambda_init': 1e-08, 'convergence_thresh': 1e-06, 'dist_thresh': 0.1, 'radius': 3, 'dilation_max': 5}, 'tracking': {'min_match_frac': 0.05, 'max_iters': 50, 'C_conf': 0.0, 'Q_conf': 1.5, 'rel_error': 0.001, 'delta_norm': 0.001, 'huber': 1.345, 'match_frac_thresh': 0.333, 'sigma_ray': 0.003, 'sigma_dist': 10.0, 'sigma_pixel': 1.0, 'sigma_depth': 10.0, 'sigma_point': 0.05, 'pixel_border': -10, 'depth_eps': 1e-06, 'filtering_mode': 'weighted_pointmap', 'filtering_score': 'median'}, 'local_opt': {'pin': 1, 'window_size': 1000000.0, 'C_conf': 0.0, 'Q_conf': 1.5, 'min_match_frac': 0.1, 'pixel_border': -10, 'depth_eps': 1e-06, 'max_iters': 10, 'sigma_ray': 0.003, 'sigma_dist': 10.0, 'sigma_pixel': 1.0, 'sigma_depth': 10.0, 'sigma_point': 0.05, 'delta_norm': 1e-08, 'use_cuda': True}, 'retrieval': {'k': 3, 'min_thresh': 0.005}, 'reloc': {'min_match_frac': 0.3, 'strict': True}}
/data1_ycao/chua/projects/mrsp/scratch/pipelines/MASt3R-SLAM/thirdparty/mast3r/mast3r/model.py:24: FutureWarning: You are using `torch.load` with `weights_only=False` (the current default value), which uses the default pickle module implicitly. It is possible to construct malicious pickle data which will execute arbitrary code during unpickling (See https://github.com/pytorch/pytorch/blob/main/SECURITY.md#untrusted-models for more details). In a future release, the default value for `weights_only` will be flipped to `True`. This limits the functions that could be executed during unpickling. Arbitrary objects will no longer be allowed to be loaded via this mode unless they are explicitly allowlisted by the user via `torch.serialization.add_safe_globals`. We recommend you start setting `weights_only=True` for any use case where you don't have full control of the loaded file. Please open an issue on GitHub for any issues related to this experimental feature.
  ckpt = torch.load(model_path, map_location='cpu')
... loading model from checkpoints/MASt3R_ViTLarge_BaseDecoder_512_catmlpdpt_metric.pth
instantiating : AsymmetricMASt3R(enc_depth=24, dec_depth=12, enc_embed_dim=1024, dec_embed_dim=768, enc_num_heads=16, dec_num_heads=12, pos_embed='RoPE100',img_size=(512, 512), head_type='catmlp+dpt', output_mode='pts3d+desc24', depth_mode=('exp', -inf, inf), conf_mode=('exp', 1, inf), patch_embed_cls='PatchEmbedDust3R', two_confs=True, desc_conf_mode=('exp', 0, inf), landscape_only=False)
<All keys matched successfully>
/data1_ycao/chua/projects/mrsp/scratch/pipelines/MASt3R-SLAM/thirdparty/mast3r/mast3r/retrieval/processor.py:70: FutureWarning: You are using `torch.load` with `weights_only=False` (the current default value), which uses the default pickle module implicitly. It is possible to construct malicious pickle data which will execute arbitrary code during unpickling (See https://github.com/pytorch/pytorch/blob/main/SECURITY.md#untrusted-models for more details). In a future release, the default value for `weights_only` will be flipped to `True`. This limits the functions that could be executed during unpickling. Arbitrary objects will no longer be allowed to be loaded via this mode unless they are explicitly allowlisted by the user via `torch.serialization.add_safe_globals`. We recommend you start setting `weights_only=True` for any use case where you don't have full control of the loaded file. Please open an issue on GitHub for any issues related to this experimental feature.
  ckpt = torch.load(modelname, 'cpu')  # TODO from pretrained to download it automatically
/data1_ycao/chua/projects/mrsp/scratch/pipelines/MASt3R-SLAM/mast3r_slam/frame.py:116: UserWarning: The given NumPy array is not writable, and PyTorch does not support non-writable tensors. This means writing to this tensor will result in undefined behavior. You may want to copy the array to protect its data or make it writable before converting it to a tensor. This type of warning will be suppressed for the rest of this program. (Triggered internally at ../torch/csrc/utils/tensor_numpy.cpp:206.)
  uimg = torch.from_numpy(img["unnormalized_img"]) / 255.0
[2026-09-28T14:27:36Z] FPS: 3.9742014627551425
[2026-09-28T14:27:44Z] FPS: 3.8134054884116955
[2026-09-28T14:27:52Z] FPS: 3.8536565207399205
[2026-09-28T14:27:59Z] FPS: 3.8844501214539724
[2026-09-28T14:28:07Z] FPS: 3.902766049185394
[2026-09-28T14:28:14Z] FPS: 3.899950169365527
[2026-09-28T14:28:21Z] FPS: 3.9409129435813077
[2026-09-28T14:28:23Z] loop done, elapsed=54.94s, n_frames=218
Loading retrieval model from checkpoints/MASt3R_ViTLarge_BaseDecoder_512_catmlpdpt_metric_retrieval_trainingfree.pth
Database retrieval 2 :  {0}
Database retrieval 3 :  {0, 1}
Database retrieval 4 :  {1, 2}
Database retrieval 5 :  {2, 3}
Database retrieval 6 :  {3, 4}
Database retrieval 7 :  {3, 5}
Database retrieval 8 :  {5, 6}
Database retrieval 9 :  {5, 7}
Database retrieval 10 :  {0, 1}
Database retrieval 11 :  {0, 1}
Database retrieval 12 :  {0, 1}
Database retrieval 13 :  {0, 2}
Database retrieval 14 :  {3, 12}
Database retrieval 15 :  {3, 13}
Database retrieval 16 :  {8, 6, 7}
Database retrieval 17 :  {8, 9, 15}
Database retrieval 18 :  {10, 9}
Database retrieval 19 :  {0, 10, 11}
[2026-09-28T14:28:24Z] dumping 20 keyframes' final state
[2026-09-28T14:28:26Z] manifest: {'n_frames_total': 218, 'n_keyframes': 20, 'elapsed_seconds': 54.94208598136902, 'n_tracking_records': 217, 'h': 400, 'w': 512, 'dataset': '/data1_ycao/chua/projects/mrsp/scratch/mast3r_slam/c1_cecum_t1_v1', 'save_as': 'c1_cecum_t1_v1_perframe'}
done
