Sun Sep 27 20:03:56 2026       
+-----------------------------------------------------------------------------------------+
| NVIDIA-SMI 580.126.09             Driver Version: 580.126.09     CUDA Version: 13.0     |
+-----------------------------------------+------------------------+----------------------+
| GPU  Name                 Persistence-M | Bus-Id          Disp.A | Volatile Uncorr. ECC |
| Fan  Temp   Perf          Pwr:Usage/Cap |           Memory-Usage | GPU-Util  Compute M. |
|                                         |                        |               MIG M. |
|=========================================+========================+======================|
|   0  NVIDIA RTX 6000 Ada Gene...    Off |   00000000:1D:00.0 Off |                  Off |
| 33%   62C    P2            297W /  300W |   47034MiB /  49140MiB |     96%      Default |
|                                         |                        |                  N/A |
+-----------------------------------------+------------------------+----------------------+
|   1  NVIDIA RTX 6000 Ada Gene...    Off |   00000000:20:00.0 Off |                  Off |
| 44%   72C    P2            302W /  300W |   47034MiB /  49140MiB |     90%      Default |
|                                         |                        |                  N/A |
+-----------------------------------------+------------------------+----------------------+
|   2  NVIDIA RTX 6000 Ada Gene...    Off |   00000000:23:00.0 Off |                  Off |
| 45%   69C    P2            301W /  300W |   47034MiB /  49140MiB |    100%      Default |
|                                         |                        |                  N/A |
+-----------------------------------------+------------------------+----------------------+
|   3  NVIDIA RTX 6000 Ada Gene...    Off |   00000000:24:00.0 Off |                  Off |
| 46%   70C    P2            301W /  300W |   47034MiB /  49140MiB |    100%      Default |
|                                         |                        |                  N/A |
+-----------------------------------------+------------------------+----------------------+
|   4  NVIDIA RTX 6000 Ada Gene...    Off |   00000000:98:00.0 Off |                  Off |
| 30%   28C    P8             28W /  300W |   43316MiB /  49140MiB |      0%      Default |
|                                         |                        |                  N/A |
+-----------------------------------------+------------------------+----------------------+
|   5  NVIDIA RTX 6000 Ada Gene...    Off |   00000000:9B:00.0 Off |                  Off |
| 42%   70C    P2            296W /  300W |   47034MiB /  49140MiB |     78%      Default |
|                                         |                        |                  N/A |
+-----------------------------------------+------------------------+----------------------+
|   6  NVIDIA RTX 6000 Ada Gene...    Off |   00000000:9E:00.0 Off |                  Off |
| 37%   66C    P2            300W /  300W |   47034MiB /  49140MiB |     98%      Default |
|                                         |                        |                  N/A |
+-----------------------------------------+------------------------+----------------------+
|   7  NVIDIA RTX 6000 Ada Gene...    Off |   00000000:9F:00.0 Off |                  Off |
| 30%   33C    P2             59W /  300W |   16428MiB /  49140MiB |      0%      Default |
|                                         |                        |                  N/A |
+-----------------------------------------+------------------------+----------------------+

+-----------------------------------------------------------------------------------------+
| Processes:                                                                              |
|  GPU   GI   CI              PID   Type   Process name                        GPU Memory |
|        ID   ID                                                               Usage      |
|=========================================================================================|
|    0   N/A  N/A         3236783      C   python                                47024MiB |
|    1   N/A  N/A         3620151      C   python                                47024MiB |
|    2   N/A  N/A         3798051      C   python                                47024MiB |
|    3   N/A  N/A         3606718      C   python                                47024MiB |
|    4   N/A  N/A         2778814      C   sglang::scheduler                     43306MiB |
|    5   N/A  N/A         2406397      C   python                                47024MiB |
|    6   N/A  N/A         2505852      C   python                                47024MiB |
|    7   N/A  N/A         3284995      C   python3                               16418MiB |
+-----------------------------------------------------------------------------------------+

Recommended GPU: index 7 (NVIDIA RTX 6000 Ada Generation) -- 32.1 GB free, 0% utilized

=== nvidia-smi before run, 2026-09-28T00:05:18Z ===
Sun Sep 27 20:05:16 2026       
+-----------------------------------------------------------------------------------------+
| NVIDIA-SMI 580.126.09             Driver Version: 580.126.09     CUDA Version: 13.0     |
+-----------------------------------------+------------------------+----------------------+
| GPU  Name                 Persistence-M | Bus-Id          Disp.A | Volatile Uncorr. ECC |
| Fan  Temp   Perf          Pwr:Usage/Cap |           Memory-Usage | GPU-Util  Compute M. |
|                                         |                        |               MIG M. |
|=========================================+========================+======================|
|   0  NVIDIA RTX 6000 Ada Gene...    Off |   00000000:1D:00.0 Off |                  Off |
| 33%   63C    P2            299W /  300W |   47034MiB /  49140MiB |     99%      Default |
|                                         |                        |                  N/A |
+-----------------------------------------+------------------------+----------------------+
|   1  NVIDIA RTX 6000 Ada Gene...    Off |   00000000:20:00.0 Off |                  Off |
| 44%   72C    P2            299W /  300W |   47034MiB /  49140MiB |     99%      Default |
|                                         |                        |                  N/A |
+-----------------------------------------+------------------------+----------------------+
|   2  NVIDIA RTX 6000 Ada Gene...    Off |   00000000:23:00.0 Off |                  Off |
| 45%   72C    P2            298W /  300W |   47034MiB /  49140MiB |    100%      Default |
|                                         |                        |                  N/A |
+-----------------------------------------+------------------------+----------------------+
|   3  NVIDIA RTX 6000 Ada Gene...    Off |   00000000:24:00.0 Off |                  Off |
| 46%   73C    P2            298W /  300W |   47034MiB /  49140MiB |     99%      Default |
|                                         |                        |                  N/A |
+-----------------------------------------+------------------------+----------------------+
|   4  NVIDIA RTX 6000 Ada Gene...    Off |   00000000:98:00.0 Off |                  Off |
| 30%   28C    P8             28W /  300W |   43316MiB /  49140MiB |      0%      Default |
|                                         |                        |                  N/A |
+-----------------------------------------+------------------------+----------------------+
|   5  NVIDIA RTX 6000 Ada Gene...    Off |   00000000:9B:00.0 Off |                  Off |
| 42%   70C    P2            298W /  300W |   47034MiB /  49140MiB |     97%      Default |
|                                         |                        |                  N/A |
+-----------------------------------------+------------------------+----------------------+
|   6  NVIDIA RTX 6000 Ada Gene...    Off |   00000000:9E:00.0 Off |                  Off |
| 37%   66C    P2            298W /  300W |   47034MiB /  49140MiB |     99%      Default |
|                                         |                        |                  N/A |
+-----------------------------------------+------------------------+----------------------+
|   7  NVIDIA RTX 6000 Ada Gene...    Off |   00000000:9F:00.0 Off |                  Off |
| 30%   34C    P2             58W /  300W |   16428MiB /  49140MiB |      0%      Default |
|                                         |                        |                  N/A |
+-----------------------------------------+------------------------+----------------------+

+-----------------------------------------------------------------------------------------+
| Processes:                                                                              |
|  GPU   GI   CI              PID   Type   Process name                        GPU Memory |
|        ID   ID                                                               Usage      |
|=========================================================================================|
|    0   N/A  N/A         3236783      C   python                                47024MiB |
|    1   N/A  N/A         3620151      C   python                                47024MiB |
|    2   N/A  N/A         3798051      C   python                                47024MiB |
|    3   N/A  N/A         3606718      C   python                                47024MiB |
|    4   N/A  N/A         2778814      C   sglang::scheduler                     43306MiB |
|    5   N/A  N/A         2406397      C   python                                47024MiB |
|    6   N/A  N/A         2505852      C   python                                47024MiB |
|    7   N/A  N/A         3284995      C   python3                               16418MiB |
+-----------------------------------------------------------------------------------------+
[2026-09-28T00:05:18Z] launching: python main.py --dataset /data1_ycao/chua/projects/mrsp/scratch/mast3r_slam/c1_cecum_t1_v1 --config config/base.yaml --save-as c1_cecum_t1_v1 --no-viz (CUDA_VISIBLE_DEVICES=7)
[2026-09-28T00:06:28Z] result: {'sequence': 'c1_cecum_t1_v1', 'gpu_index': 7, 'returncode': 0, 'elapsed_seconds': 70.22732520103455, 'peak_gpu_mem_mib': 27282, 'n_gpu_mem_samples': 34}
