[14:10:16] c2_transverse1_t2_v1: loaded mesh 363081 faces (1.5s)
[14:10:16] c2_transverse1_t2_v1: 52 unobserved components
[14:10:18] c2_transverse1_t2_v1: 1521 boundary edges, boundary distances computed
[14:10:18] c2_transverse1_t2_v1: 2 boundary loop(s) -- expect 2 (the phantom's two open ends)
[14:10:18]   c2_transverse1_t2_v1 comp#1: area=6500.0mm2 diam=91.0mm min_dist=0.00mm median_dist=33.69mm frac<5mm=0.05
[14:10:18]   c2_transverse1_t2_v1 comp#2: area=1398.8mm2 diam=42.2mm min_dist=0.00mm median_dist=7.13mm frac<5mm=0.37
[14:10:18]   c2_transverse1_t2_v1 comp#3: area=426.3mm2 diam=23.3mm min_dist=0.00mm median_dist=6.46mm frac<5mm=0.40
[14:10:18]   c2_transverse1_t2_v1 comp#4: area=277.4mm2 diam=18.8mm min_dist=19.79mm median_dist=23.50mm frac<5mm=0.00
[14:10:18]   c2_transverse1_t2_v1 comp#5: area=228.8mm2 diam=17.1mm min_dist=0.00mm median_dist=2.77mm frac<5mm=0.79
[14:10:20] c2_transverse1_t2_v1: rendered ['view1', 'view2', 'cutopen']
[14:10:24] c1_ascending_t4_v2: loaded mesh 755902 faces (3.4s)
[14:10:25] c1_ascending_t4_v2: 102 unobserved components
[14:10:29] c1_ascending_t4_v2: 2018 boundary edges, boundary distances computed
[14:10:29] c1_ascending_t4_v2: 2 boundary loop(s) -- expect 2 (the phantom's two open ends)
[14:10:29]   c1_ascending_t4_v2 comp#1: area=5989.1mm2 diam=87.3mm min_dist=0.00mm median_dist=15.59mm frac<5mm=0.16
[14:10:29]   c1_ascending_t4_v2 comp#2: area=621.4mm2 diam=28.1mm min_dist=0.00mm median_dist=5.17mm frac<5mm=0.49
[14:10:29]   c1_ascending_t4_v2 comp#3: area=131.0mm2 diam=12.9mm min_dist=20.04mm median_dist=27.31mm frac<5mm=0.00
[14:10:29]   c1_ascending_t4_v2 comp#4: area=120.2mm2 diam=12.4mm min_dist=13.68mm median_dist=19.22mm frac<5mm=0.00
[14:10:29]   c1_ascending_t4_v2 comp#5: area=44.1mm2 diam=7.5mm min_dist=26.54mm median_dist=30.46mm frac<5mm=0.00
[14:10:32] c1_ascending_t4_v2: rendered ['view1', 'view2', 'cutopen']
[14:10:33] c2_rectum_t1_v3: loaded mesh 284742 faces (1.3s)
[14:10:33] c2_rectum_t1_v3: 95 unobserved components
[14:10:35] c2_rectum_t1_v3: 1506 boundary edges, boundary distances computed
[14:10:36] c2_rectum_t1_v3: 2 boundary loop(s) -- expect 2 (the phantom's two open ends)
[14:10:36]   c2_rectum_t1_v3 comp#1: area=3411.0mm2 diam=65.9mm min_dist=0.00mm median_dist=15.16mm frac<5mm=0.12
[14:10:36]   c2_rectum_t1_v3 comp#2: area=799.1mm2 diam=31.9mm min_dist=0.00mm median_dist=8.51mm frac<5mm=0.36
[14:10:36]   c2_rectum_t1_v3 comp#3: area=112.4mm2 diam=12.0mm min_dist=0.00mm median_dist=2.34mm frac<5mm=0.86
[14:10:36]   c2_rectum_t1_v3 comp#4: area=19.3mm2 diam=5.0mm min_dist=5.57mm median_dist=8.12mm frac<5mm=0.00
[14:10:36]   c2_rectum_t1_v3 comp#5: area=1.6mm2 diam=1.4mm min_dist=0.00mm median_dist=0.00mm frac<5mm=1.00
[14:10:37] c2_rectum_t1_v3: rendered ['view1', 'view2', 'cutopen']
[14:10:38] c2_transverse2_t3_v2: loaded mesh 217102 faces (0.8s)
[14:10:38] c2_transverse2_t3_v2: 16 unobserved components
[14:10:39] c2_transverse2_t3_v2: 1348 boundary edges, boundary distances computed
[14:10:39] c2_transverse2_t3_v2: 2 boundary loop(s) -- expect 2 (the phantom's two open ends)
[14:10:39]   c2_transverse2_t3_v2 comp#1: area=8828.0mm2 diam=106.0mm min_dist=0.00mm median_dist=19.34mm frac<5mm=0.16
[14:10:39]   c2_transverse2_t3_v2 comp#2: area=0.1mm2 diam=0.4mm min_dist=29.73mm median_dist=29.73mm frac<5mm=0.00
[14:10:39]   c2_transverse2_t3_v2 comp#3: area=0.1mm2 diam=0.3mm min_dist=0.00mm median_dist=0.00mm frac<5mm=1.00
[14:10:39]   c2_transverse2_t3_v2 comp#4: area=0.1mm2 diam=0.3mm min_dist=34.74mm median_dist=34.74mm frac<5mm=0.00
[14:10:39]   c2_transverse2_t3_v2 comp#5: area=0.1mm2 diam=0.3mm min_dist=21.06mm median_dist=21.06mm frac<5mm=0.00
[14:10:40] c2_transverse2_t3_v2: rendered ['view1', 'view2', 'cutopen']
[14:10:42] c2_cecum_t3_v2: loaded mesh 544037 faces (1.9s)
[14:10:42] c2_cecum_t3_v2: 85 unobserved components
[14:10:45] c2_cecum_t3_v2: 1201 boundary edges, boundary distances computed
[14:10:45] c2_cecum_t3_v2: 1 boundary loop(s) -- expect 2 (the phantom's two open ends)
[14:10:45]   c2_cecum_t3_v2 comp#1: area=4762.4mm2 diam=77.9mm min_dist=0.00mm median_dist=11.56mm frac<5mm=0.23
[14:10:45]   c2_cecum_t3_v2 comp#2: area=0.0mm2 diam=0.2mm min_dist=17.78mm median_dist=17.78mm frac<5mm=0.00
[14:10:45]   c2_cecum_t3_v2 comp#3: area=0.0mm2 diam=0.2mm min_dist=7.66mm median_dist=7.66mm frac<5mm=0.00
[14:10:45]   c2_cecum_t3_v2 comp#4: area=0.0mm2 diam=0.2mm min_dist=20.67mm median_dist=20.68mm frac<5mm=0.00
[14:10:45]   c2_cecum_t3_v2 comp#5: area=0.0mm2 diam=0.2mm min_dist=20.19mm median_dist=20.19mm frac<5mm=0.00
[14:10:47] c2_cecum_t3_v2: rendered ['view1', 'view2', 'cutopen']
[14:10:48] c1_sigmoid1_t1_v3: loaded mesh 439984 faces (1.7s)
[14:10:49] c1_sigmoid1_t1_v3: 432 unobserved components
[14:10:51] c1_sigmoid1_t1_v3: 2190 boundary edges, boundary distances computed
[14:10:51] c1_sigmoid1_t1_v3: 2 boundary loop(s) -- expect 2 (the phantom's two open ends)
[14:10:51]   c1_sigmoid1_t1_v3 comp#1: area=7715.6mm2 diam=99.1mm min_dist=0.00mm median_dist=21.32mm frac<5mm=0.28
[14:10:52]   c1_sigmoid1_t1_v3 comp#2: area=151.7mm2 diam=13.9mm min_dist=0.00mm median_dist=1.07mm frac<5mm=0.86
[14:10:52]   c1_sigmoid1_t1_v3 comp#3: area=131.5mm2 diam=12.9mm min_dist=0.00mm median_dist=0.96mm frac<5mm=0.92
[14:10:52]   c1_sigmoid1_t1_v3 comp#4: area=119.0mm2 diam=12.3mm min_dist=0.00mm median_dist=1.11mm frac<5mm=0.86
[14:10:52]   c1_sigmoid1_t1_v3 comp#5: area=2.6mm2 diam=1.8mm min_dist=0.00mm median_dist=0.23mm frac<5mm=1.00
[14:10:53] c1_sigmoid1_t1_v3: rendered ['view1', 'view2', 'cutopen']
[14:10:53] wrote results/openend_check/component_distances.csv
[14:10:53] ALL DONE
