c1_cecum_t1_v1: 218 depth frames
  reference mask set from c1_cecum_t1_v1/0000_depth.tiff: 102049 invalid pixels (6.9992%), shape (1080, 1350)
c1_ascending_t3_v1: 259 depth frames
  MISMATCH: c1_ascending_t3_v1/0140_depth.tiff differs from reference at 94 pixels (0.006447%); this-frame invalid count=102143, reference invalid count=102049
  MISMATCH: c1_ascending_t3_v1/0141_depth.tiff differs from reference at 219 pixels (0.015021%); this-frame invalid count=102268, reference invalid count=102049
  MISMATCH: c1_ascending_t3_v1/0142_depth.tiff differs from reference at 382 pixels (0.026200%); this-frame invalid count=102431, reference invalid count=102049
  MISMATCH: c1_ascending_t3_v1/0143_depth.tiff differs from reference at 475 pixels (0.032579%); this-frame invalid count=102524, reference invalid count=102049
  MISMATCH: c1_ascending_t3_v1/0144_depth.tiff differs from reference at 651 pixels (0.044650%); this-frame invalid count=102700, reference invalid count=102049
  MISMATCH: c1_ascending_t3_v1/0145_depth.tiff differs from reference at 826 pixels (0.056653%); this-frame invalid count=102875, reference invalid count=102049
  MISMATCH: c1_ascending_t3_v1/0146_depth.tiff differs from reference at 967 pixels (0.066324%); this-frame invalid count=103016, reference invalid count=102049
  MISMATCH: c1_ascending_t3_v1/0147_depth.tiff differs from reference at 1093 pixels (0.074966%); this-frame invalid count=103142, reference invalid count=102049
  MISMATCH: c1_ascending_t3_v1/0148_depth.tiff differs from reference at 1148 pixels (0.078738%); this-frame invalid count=103197, reference invalid count=102049
  MISMATCH: c1_ascending_t3_v1/0149_depth.tiff differs from reference at 1243 pixels (0.085254%); this-frame invalid count=103292, reference invalid count=102049
  MISMATCH: c1_ascending_t3_v1/0150_depth.tiff differs from reference at 1312 pixels (0.089986%); this-frame invalid count=103361, reference invalid count=102049
  MISMATCH: c1_ascending_t3_v1/0151_depth.tiff differs from reference at 1350 pixels (0.092593%); this-frame invalid count=103399, reference invalid count=102049
  MISMATCH: c1_ascending_t3_v1/0152_depth.tiff differs from reference at 1375 pixels (0.094307%); this-frame invalid count=103424, reference invalid count=102049
  MISMATCH: c1_ascending_t3_v1/0153_depth.tiff differs from reference at 1370 pixels (0.093964%); this-frame invalid count=103419, reference invalid count=102049
  MISMATCH: c1_ascending_t3_v1/0154_depth.tiff differs from reference at 1347 pixels (0.092387%); this-frame invalid count=103396, reference invalid count=102049
  MISMATCH: c1_ascending_t3_v1/0155_depth.tiff differs from reference at 1324 pixels (0.090809%); this-frame invalid count=103373, reference invalid count=102049
  MISMATCH: c1_ascending_t3_v1/0156_depth.tiff differs from reference at 1295 pixels (0.088820%); this-frame invalid count=103344, reference invalid count=102049
  MISMATCH: c1_ascending_t3_v1/0157_depth.tiff differs from reference at 1215 pixels (0.083333%); this-frame invalid count=103264, reference invalid count=102049
  MISMATCH: c1_ascending_t3_v1/0158_depth.tiff differs from reference at 1133 pixels (0.077709%); this-frame invalid count=103182, reference invalid count=102049
  MISMATCH: c1_ascending_t3_v1/0159_depth.tiff differs from reference at 1037 pixels (0.071125%); this-frame invalid count=103086, reference invalid count=102049
  MISMATCH: c1_ascending_t3_v1/0160_depth.tiff differs from reference at 987 pixels (0.067695%); this-frame invalid count=103036, reference invalid count=102049
  MISMATCH: c1_ascending_t3_v1/0161_depth.tiff differs from reference at 847 pixels (0.058093%); this-frame invalid count=102896, reference invalid count=102049
  MISMATCH: c1_ascending_t3_v1/0162_depth.tiff differs from reference at 723 pixels (0.049588%); this-frame invalid count=102772, reference invalid count=102049
  MISMATCH: c1_ascending_t3_v1/0163_depth.tiff differs from reference at 574 pixels (0.039369%); this-frame invalid count=102623, reference invalid count=102049
  MISMATCH: c1_ascending_t3_v1/0164_depth.tiff differs from reference at 446 pixels (0.030590%); this-frame invalid count=102495, reference invalid count=102049
  MISMATCH: c1_ascending_t3_v1/0165_depth.tiff differs from reference at 395 pixels (0.027092%); this-frame invalid count=102444, reference invalid count=102049
  MISMATCH: c1_ascending_t3_v1/0166_depth.tiff differs from reference at 299 pixels (0.020508%); this-frame invalid count=102348, reference invalid count=102049
  MISMATCH: c1_ascending_t3_v1/0167_depth.tiff differs from reference at 201 pixels (0.013786%); this-frame invalid count=102250, reference invalid count=102049
  MISMATCH: c1_ascending_t3_v1/0168_depth.tiff differs from reference at 110 pixels (0.007545%); this-frame invalid count=102159, reference invalid count=102049
  MISMATCH: c1_ascending_t3_v1/0169_depth.tiff differs from reference at 35 pixels (0.002401%); this-frame invalid count=102084, reference invalid count=102049
  MISMATCH: c1_ascending_t3_v1/0170_depth.tiff differs from reference at 10 pixels (0.000686%); this-frame invalid count=102059, reference invalid count=102049
c2_rectum_t1_v1: 154 depth frames
  MISMATCH: c2_rectum_t1_v1/0014_depth.tiff differs from reference at 17 pixels (0.001166%); this-frame invalid count=102066, reference invalid count=102049
  MISMATCH: c2_rectum_t1_v1/0015_depth.tiff differs from reference at 55 pixels (0.003772%); this-frame invalid count=102104, reference invalid count=102049
  MISMATCH: c2_rectum_t1_v1/0016_depth.tiff differs from reference at 199 pixels (0.013649%); this-frame invalid count=102248, reference invalid count=102049
  MISMATCH: c2_rectum_t1_v1/0017_depth.tiff differs from reference at 281 pixels (0.019273%); this-frame invalid count=102330, reference invalid count=102049
  MISMATCH: c2_rectum_t1_v1/0018_depth.tiff differs from reference at 519 pixels (0.035597%); this-frame invalid count=102568, reference invalid count=102049
  MISMATCH: c2_rectum_t1_v1/0019_depth.tiff differs from reference at 696 pixels (0.047737%); this-frame invalid count=102745, reference invalid count=102049
  MISMATCH: c2_rectum_t1_v1/0020_depth.tiff differs from reference at 1105 pixels (0.075789%); this-frame invalid count=103154, reference invalid count=102049
  MISMATCH: c2_rectum_t1_v1/0021_depth.tiff differs from reference at 1314 pixels (0.090123%); this-frame invalid count=103363, reference invalid count=102049
  MISMATCH: c2_rectum_t1_v1/0022_depth.tiff differs from reference at 1854 pixels (0.127160%); this-frame invalid count=103903, reference invalid count=102049
  MISMATCH: c2_rectum_t1_v1/0023_depth.tiff differs from reference at 2190 pixels (0.150206%); this-frame invalid count=104239, reference invalid count=102049
  MISMATCH: c2_rectum_t1_v1/0024_depth.tiff differs from reference at 2873 pixels (0.197051%); this-frame invalid count=104922, reference invalid count=102049
  MISMATCH: c2_rectum_t1_v1/0025_depth.tiff differs from reference at 3231 pixels (0.221605%); this-frame invalid count=105280, reference invalid count=102049
  MISMATCH: c2_rectum_t1_v1/0026_depth.tiff differs from reference at 4082 pixels (0.279973%); this-frame invalid count=106131, reference invalid count=102049
  MISMATCH: c2_rectum_t1_v1/0027_depth.tiff differs from reference at 4584 pixels (0.314403%); this-frame invalid count=106633, reference invalid count=102049
  MISMATCH: c2_rectum_t1_v1/0028_depth.tiff differs from reference at 5618 pixels (0.385322%); this-frame invalid count=107667, reference invalid count=102049
  MISMATCH: c2_rectum_t1_v1/0029_depth.tiff differs from reference at 6158 pixels (0.422359%); this-frame invalid count=108207, reference invalid count=102049
  MISMATCH: c2_rectum_t1_v1/0030_depth.tiff differs from reference at 7350 pixels (0.504115%); this-frame invalid count=109399, reference invalid count=102049
  MISMATCH: c2_rectum_t1_v1/0031_depth.tiff differs from reference at 7971 pixels (0.546708%); this-frame invalid count=110020, reference invalid count=102049
  MISMATCH: c2_rectum_t1_v1/0032_depth.tiff differs from reference at 9424 pixels (0.646365%); this-frame invalid count=111473, reference invalid count=102049
  MISMATCH: c2_rectum_t1_v1/0033_depth.tiff differs from reference at 10177 pixels (0.698011%); this-frame invalid count=112226, reference invalid count=102049
  MISMATCH: c2_rectum_t1_v1/0034_depth.tiff differs from reference at 11576 pixels (0.793964%); this-frame invalid count=113625, reference invalid count=102049
  MISMATCH: c2_rectum_t1_v1/0035_depth.tiff differs from reference at 12265 pixels (0.841221%); this-frame invalid count=114314, reference invalid count=102049
  MISMATCH: c2_rectum_t1_v1/0036_depth.tiff differs from reference at 13712 pixels (0.940466%); this-frame invalid count=115761, reference invalid count=102049
  MISMATCH: c2_rectum_t1_v1/0037_depth.tiff differs from reference at 14422 pixels (0.989163%); this-frame invalid count=116471, reference invalid count=102049
  MISMATCH: c2_rectum_t1_v1/0038_depth.tiff differs from reference at 15756 pixels (1.080658%); this-frame invalid count=117805, reference invalid count=102049
  MISMATCH: c2_rectum_t1_v1/0039_depth.tiff differs from reference at 16403 pixels (1.125034%); this-frame invalid count=118452, reference invalid count=102049
  MISMATCH: c2_rectum_t1_v1/0040_depth.tiff differs from reference at 17095 pixels (1.172497%); this-frame invalid count=119144, reference invalid count=102049
  MISMATCH: c2_rectum_t1_v1/0041_depth.tiff differs from reference at 17148 pixels (1.176132%); this-frame invalid count=119197, reference invalid count=102049
  MISMATCH: c2_rectum_t1_v1/0042_depth.tiff differs from reference at 16881 pixels (1.157819%); this-frame invalid count=118930, reference invalid count=102049
  MISMATCH: c2_rectum_t1_v1/0043_depth.tiff differs from reference at 16654 pixels (1.142250%); this-frame invalid count=118703, reference invalid count=102049
  MISMATCH: c2_rectum_t1_v1/0044_depth.tiff differs from reference at 15973 pixels (1.095542%); this-frame invalid count=118022, reference invalid count=102049
  MISMATCH: c2_rectum_t1_v1/0045_depth.tiff differs from reference at 15493 pixels (1.062620%); this-frame invalid count=117542, reference invalid count=102049
  MISMATCH: c2_rectum_t1_v1/0046_depth.tiff differs from reference at 14326 pixels (0.982579%); this-frame invalid count=116375, reference invalid count=102049
  MISMATCH: c2_rectum_t1_v1/0047_depth.tiff differs from reference at 13659 pixels (0.936831%); this-frame invalid count=115708, reference invalid count=102049
  MISMATCH: c2_rectum_t1_v1/0048_depth.tiff differs from reference at 12992 pixels (0.891084%); this-frame invalid count=115041, reference invalid count=102049
  MISMATCH: c2_rectum_t1_v1/0049_depth.tiff differs from reference at 11621 pixels (0.797051%); this-frame invalid count=113670, reference invalid count=102049
  MISMATCH: c2_rectum_t1_v1/0050_depth.tiff differs from reference at 10969 pixels (0.752332%); this-frame invalid count=113018, reference invalid count=102049
  MISMATCH: c2_rectum_t1_v1/0051_depth.tiff differs from reference at 9685 pixels (0.664266%); this-frame invalid count=111734, reference invalid count=102049
  MISMATCH: c2_rectum_t1_v1/0052_depth.tiff differs from reference at 9057 pixels (0.621193%); this-frame invalid count=111106, reference invalid count=102049
  MISMATCH: c2_rectum_t1_v1/0053_depth.tiff differs from reference at 7908 pixels (0.542387%); this-frame invalid count=109957, reference invalid count=102049
  MISMATCH: c2_rectum_t1_v1/0054_depth.tiff differs from reference at 7381 pixels (0.506241%); this-frame invalid count=109430, reference invalid count=102049
  MISMATCH: c2_rectum_t1_v1/0055_depth.tiff differs from reference at 6552 pixels (0.449383%); this-frame invalid count=108601, reference invalid count=102049
  MISMATCH: c2_rectum_t1_v1/0056_depth.tiff differs from reference at 6194 pixels (0.424829%); this-frame invalid count=108243, reference invalid count=102049
  MISMATCH: c2_rectum_t1_v1/0057_depth.tiff differs from reference at 5435 pixels (0.372771%); this-frame invalid count=107484, reference invalid count=102049
  MISMATCH: c2_rectum_t1_v1/0058_depth.tiff differs from reference at 5046 pixels (0.346091%); this-frame invalid count=107095, reference invalid count=102049
  MISMATCH: c2_rectum_t1_v1/0059_depth.tiff differs from reference at 4435 pixels (0.304184%); this-frame invalid count=106484, reference invalid count=102049
  MISMATCH: c2_rectum_t1_v1/0060_depth.tiff differs from reference at 4245 pixels (0.291152%); this-frame invalid count=106294, reference invalid count=102049
  MISMATCH: c2_rectum_t1_v1/0061_depth.tiff differs from reference at 3995 pixels (0.274005%); this-frame invalid count=106044, reference invalid count=102049
  MISMATCH: c2_rectum_t1_v1/0062_depth.tiff differs from reference at 3908 pixels (0.268038%); this-frame invalid count=105957, reference invalid count=102049
  MISMATCH: c2_rectum_t1_v1/0063_depth.tiff differs from reference at 3807 pixels (0.261111%); this-frame invalid count=105856, reference invalid count=102049
  MISMATCH: c2_rectum_t1_v1/0064_depth.tiff differs from reference at 3768 pixels (0.258436%); this-frame invalid count=105817, reference invalid count=102049
  MISMATCH: c2_rectum_t1_v1/0065_depth.tiff differs from reference at 3623 pixels (0.248491%); this-frame invalid count=105672, reference invalid count=102049
  MISMATCH: c2_rectum_t1_v1/0066_depth.tiff differs from reference at 3529 pixels (0.242044%); this-frame invalid count=105578, reference invalid count=102049
  MISMATCH: c2_rectum_t1_v1/0067_depth.tiff differs from reference at 3312 pixels (0.227160%); this-frame invalid count=105361, reference invalid count=102049
  MISMATCH: c2_rectum_t1_v1/0068_depth.tiff differs from reference at 3140 pixels (0.215364%); this-frame invalid count=105189, reference invalid count=102049
  MISMATCH: c2_rectum_t1_v1/0069_depth.tiff differs from reference at 2789 pixels (0.191289%); this-frame invalid count=104838, reference invalid count=102049
  MISMATCH: c2_rectum_t1_v1/0070_depth.tiff differs from reference at 2619 pixels (0.179630%); this-frame invalid count=104668, reference invalid count=102049
  MISMATCH: c2_rectum_t1_v1/0071_depth.tiff differs from reference at 2245 pixels (0.153978%); this-frame invalid count=104294, reference invalid count=102049
  MISMATCH: c2_rectum_t1_v1/0072_depth.tiff differs from reference at 2062 pixels (0.141427%); this-frame invalid count=104111, reference invalid count=102049
  MISMATCH: c2_rectum_t1_v1/0073_depth.tiff differs from reference at 1737 pixels (0.119136%); this-frame invalid count=103786, reference invalid count=102049
  MISMATCH: c2_rectum_t1_v1/0074_depth.tiff differs from reference at 1561 pixels (0.107064%); this-frame invalid count=103610, reference invalid count=102049
  MISMATCH: c2_rectum_t1_v1/0075_depth.tiff differs from reference at 1072 pixels (0.073525%); this-frame invalid count=103121, reference invalid count=102049
  MISMATCH: c2_rectum_t1_v1/0076_depth.tiff differs from reference at 799 pixels (0.054801%); this-frame invalid count=102848, reference invalid count=102049
  MISMATCH: c2_rectum_t1_v1/0077_depth.tiff differs from reference at 524 pixels (0.035940%); this-frame invalid count=102573, reference invalid count=102049
  MISMATCH: c2_rectum_t1_v1/0078_depth.tiff differs from reference at 98 pixels (0.006722%); this-frame invalid count=102147, reference invalid count=102049

RESULT: mask NOT identical across all frames/sequences. STOPPING per instructions -- do not proceed to step 2 without resolving this.
