[22:12:01] discovered 169 sequences
[22:12:12] [1/169] c1_ascending_t1_v1: 153 regions, mesh_hash=7d1e2dbc27c8b5d9 (10.4s this seq, 10s elapsed)
[22:12:53] [6/169] c1_ascending_t3_v1: 145 regions, mesh_hash=0a6ea4eebbe13fbc (7.1s this seq, 52s elapsed)
[22:13:33] [11/169] c1_ascending_t4_v3: 105 regions, mesh_hash=4724824f2dd910c5 (7.5s this seq, 92s elapsed)
[22:14:13] [16/169] c1_cecum_t2_v2: 148 regions, mesh_hash=49e668fd682dbc50 (9.1s this seq, 131s elapsed)
[22:14:47] [21/169] c1_cecum_t4_v2: 114 regions, mesh_hash=56826dc488a9d33a (6.9s this seq, 166s elapsed)
[22:15:04] [26/169] c1_descending_t2_v2: 82 regions, mesh_hash=5910ff2d6b21fc32 (2.1s this seq, 182s elapsed)
[22:15:13] [31/169] c1_descending_t4_v1: 102 regions, mesh_hash=1782808b96a44df0 (2.0s this seq, 192s elapsed)
[22:15:36] [36/169] c1_rectum_t1_v3: 137 regions, mesh_hash=b22c45e1664d836a (5.9s this seq, 214s elapsed)
[22:16:07] [41/169] c1_rectum_t3_v2: 123 regions, mesh_hash=279eddad82ba4430 (6.6s this seq, 246s elapsed)
[22:16:38] [46/169] c1_sigmoid1_t1_v1: 826 regions, mesh_hash=e3efba793952caee (4.7s this seq, 277s elapsed)
[22:17:00] [51/169] c1_sigmoid1_t2_v3: 1550 regions, mesh_hash=8617dac6fd75006c (4.5s this seq, 299s elapsed)
[22:17:24] [56/169] c1_sigmoid1_t4_v2: 390 regions, mesh_hash=e0f711b1871e3723 (4.3s this seq, 323s elapsed)
[22:17:33] [61/169] c1_sigmoid2_t2_v1: 21 regions, mesh_hash=c747573164e08dac (1.6s this seq, 332s elapsed)
[22:17:39] [66/169] c1_sigmoid2_t3_v3: 57 regions, mesh_hash=1d7809826f7b1bcc (1.1s this seq, 338s elapsed)
[22:17:49] [71/169] c1_transverse1_t1_v2: 54 regions, mesh_hash=21176e219c9c3865 (3.4s this seq, 348s elapsed)
[22:18:09] [76/169] c1_transverse1_t3_v1: 68 regions, mesh_hash=eee5722a3f08dbbe (3.2s this seq, 368s elapsed)
[22:18:27] [81/169] c1_transverse1_t4_v3: 72 regions, mesh_hash=9fd54f82c6d8d1b6 (3.6s this seq, 386s elapsed)
[22:18:33] [86/169] c1_transverse2_t2_v2: 62 regions, mesh_hash=41e487514ccb5326 (1.2s this seq, 392s elapsed)
[22:18:40] [91/169] c1_transverse2_t4_v1: 39 regions, mesh_hash=21686fe6a62978a5 (1.2s this seq, 399s elapsed)
[22:19:05] [96/169] c2_ascending_t1_v3: 129 regions, mesh_hash=465249c5fc3fd4bd (6.7s this seq, 424s elapsed)
[22:19:38] [101/169] c2_ascending_t3_v2: 127 regions, mesh_hash=8903b5c23ca7449a (6.7s this seq, 457s elapsed)
[22:20:11] [106/169] c2_cecum_t1_v1: 39 regions, mesh_hash=1dd01d041f11e0bd (4.9s this seq, 490s elapsed)
[22:20:34] [111/169] c2_cecum_t3_v1: 67 regions, mesh_hash=999360e3cfaeb63f (4.9s this seq, 513s elapsed)
[22:21:00] [116/169] c2_cecum_t4_v3: 97 regions, mesh_hash=c5105d6d62a6c1a6 (5.1s this seq, 539s elapsed)
[22:21:25] [121/169] c2_descending_t4_v2: 110 regions, mesh_hash=fe2748ac538132f9 (5.4s this seq, 563s elapsed)
[22:21:41] [126/169] c2_rectum_t2_v1: 141 regions, mesh_hash=bf1f268733dcf788 (2.6s this seq, 580s elapsed)
[22:21:55] [131/169] c2_rectum_t3_v3: 103 regions, mesh_hash=17ee9be77d521b57 (2.7s this seq, 594s elapsed)
[22:22:10] [136/169] c2_sigmoid_t1_v2: 25 regions, mesh_hash=bb9c904345866b37 (1.8s this seq, 608s elapsed)
[22:22:20] [141/169] c2_sigmoid_t3_v1: 40 regions, mesh_hash=4e519a64dc00ab87 (1.7s this seq, 618s elapsed)
[22:22:28] [146/169] c2_sigmoid_t4_v3: 31 regions, mesh_hash=9c9f8339f5aa8d18 (1.8s this seq, 627s elapsed)
[22:22:48] [151/169] c2_transverse1_t2_v2: 76 regions, mesh_hash=8013529f3a37f47f (3.6s this seq, 647s elapsed)
[22:23:08] [156/169] c2_transverse1_t4_v1: 82 regions, mesh_hash=132bd4c8bb0a8651 (4.6s this seq, 666s elapsed)
[22:23:21] [161/169] c2_transverse2_t1_v3: 53 regions, mesh_hash=2dae5e29c5afb715 (2.2s this seq, 680s elapsed)
[22:23:32] [166/169] c2_transverse2_t3_v2: 16 regions, mesh_hash=d49ebd745ea19d75 (2.1s this seq, 691s elapsed)
[22:23:38] [169/169] c2_transverse2_t4_v3: 30 regions, mesh_hash=6caaf14c39c2595c (1.9s this seq, 697s elapsed)
[22:23:39] wrote results/regions.csv (24208 rows)
[22:23:39] wrote results/mesh_identity.csv (169 rows)
[22:23:39] ALL DONE
TMUX_JOB_DONE_EXIT_0
