[2026-09-19T03:54:00Z] === visibility_full.py starting: full 169-sequence GPU visibility rasterization ===
[2026-09-19T03:54:00Z] === GPU availability check (scripts/gpu_status.py) ===
[2026-09-19T03:54:02Z] Fri Sep 18 23:54:00 2026       
+-----------------------------------------------------------------------------------------+
| NVIDIA-SMI 580.126.09             Driver Version: 580.126.09     CUDA Version: 13.0     |
+-----------------------------------------+------------------------+----------------------+
| GPU  Name                 Persistence-M | Bus-Id          Disp.A | Volatile Uncorr. ECC |
| Fan  Temp   Perf          Pwr:Usage/Cap |           Memory-Usage | GPU-Util  Compute M. |
|                                         |                        |               MIG M. |
|=========================================+========================+======================|
|   0  NVIDIA RTX 6000 Ada Gene...    Off |   00000000:1D:00.0 Off |                  Off |
| 33%   63C    P2            299W /  300W |   47034MiB /  49140MiB |     99%      Default |
|                                         |                        |                  N/A |
+-----------------------------------------+------------------------+----------------------+
|   1  NVIDIA RTX 6000 Ada Gene...    Off |   00000000:20:00.0 Off |                  Off |
| 44%   72C    P2            298W /  300W |   47034MiB /  49140MiB |     97%      Default |
|                                         |                        |                  N/A |
+-----------------------------------------+------------------------+----------------------+
|   2  NVIDIA RTX 6000 Ada Gene...    Off |   00000000:23:00.0 Off |                  Off |
| 45%   72C    P2            299W /  300W |   47034MiB /  49140MiB |     99%      Default |
|                                         |                        |                  N/A |
+-----------------------------------------+------------------------+----------------------+
|   3  NVIDIA RTX 6000 Ada Gene...    Off |   00000000:24:00.0 Off |                  Off |
| 46%   74C    P2            299W /  300W |   47034MiB /  49140MiB |     96%      Default |
|                                         |                        |                  N/A |
+-----------------------------------------+------------------------+----------------------+
|   4  NVIDIA RTX 6000 Ada Gene...    Off |   00000000:98:00.0 Off |                  Off |
| 30%   29C    P8             27W /  300W |   43316MiB /  49140MiB |      0%      Default |
|                                         |                        |                  N/A |
+-----------------------------------------+------------------------+----------------------+
|   5  NVIDIA RTX 6000 Ada Gene...    Off |   00000000:9B:00.0 Off |                  Off |
| 42%   71C    P2            297W /  300W |   47034MiB /  49140MiB |    100%      Default |
|                                         |                        |                  N/A |
+-----------------------------------------+------------------------+----------------------+
|   6  NVIDIA RTX 6000 Ada Gene...    Off |   00000000:9E:00.0 Off |                  Off |
| 37%   67C    P2            299W /  300W |   47034MiB /  49140MiB |     99%      Default |
|                                         |                        |                  N/A |
+-----------------------------------------+------------------------+----------------------+
|   7  NVIDIA RTX 6000 Ada Gene...    Off |   00000000:9F:00.0 Off |                  Off |
| 30%   34C    P2             58W /  300W |   16428MiB /  49140MiB |      0%      Default |
|                                         |                        |                  N/A |
+-----------------------------------------+------------------------+----------------------+

+-----------------------------------------------------------------------------------------+
| Processes:                                                                              |
|  GPU   GI   CI              PID   Type   Process name                        GPU Memory |
|        ID   ID                                                               Usage      |
|=========================================================================================|
|    0   N/A  N/A         2230901      C   python                                47024MiB |
|    1   N/A  N/A         2284622      C   python                                47024MiB |
|    2   N/A  N/A         2422831      C   python                                47024MiB |
|    3   N/A  N/A         2219021      C   python                                47024MiB |
|    4   N/A  N/A         2778814      C   sglang::scheduler                     43306MiB |
|    5   N/A  N/A         2440297      C   python                                47024MiB |
|    6   N/A  N/A         2574762      C   python                                47024MiB |
|    7   N/A  N/A         3284995      C   python3                               16418MiB |
+-----------------------------------------------------------------------------------------+

[2026-09-19T03:54:02Z] Selected GPU: index 7 (NVIDIA RTX 6000 Ada Generation), 32.1 GB free, 0% utilized
[2026-09-19T03:54:02Z] CUDA_VISIBLE_DEVICES set to '7' explicitly
[2026-09-19T03:54:03Z] Environment: {
  "warp_version": "1.17.0",
  "gpu_index": 7,
  "gpu_model": "NVIDIA RTX 6000 Ada Generation",
  "commit_hash": "44d8a07523c73d64cdaeb7d8ca02b6b69c0927e7",
  "kernel_cache_note": "Warp's compiled-kernel cache is machine-level (this run's cache: ~/.cache/warp/1.17.0). On a new machine the first sequence pays a one-time JIT compile cost (~1s observed); subsequent sequences load from cache.",
  "timestamp_utc": "2026-09-19T03:54:03Z"
}
[2026-09-19T03:54:03Z] precomputed 1458000 camera rays (fixed intrinsics, shared across all sequences)
[2026-09-19T03:54:03Z] discovered 169 sequences (asserted 169 inside discover_sequences())
[2026-09-19T03:55:40Z] [10/169] c1_ascending_t4_v2: IoU=0.98403 false_obs=158 false_unobs=8033 (stream=2.7s bvh=0.01s cast=9.3s) | elapsed=1.6min ETA=25.5min
TMUX_JOB_DONE_EXIT_1
